unicode_is_punctuation.insert(0x0021);
unicode_is_punctuation.insert(0x0022);
unicode_is_punctuation.insert(0x0023);
unicode_is_punctuation.insert(0x0025);
unicode_is_punctuation.insert(0x0026);
unicode_is_punctuation.insert(0x0027);
unicode_is_punctuation.insert(0x0028);
unicode_is_punctuation.insert(0x0029);
unicode_is_punctuation.insert(0x002A);
unicode_is_punctuation.insert(0x002C);
unicode_is_punctuation.insert(0x002D);
unicode_is_punctuation.insert(0x002E);
unicode_is_punctuation.insert(0x002F);
unicode_is_punctuation.insert(0x003A);
unicode_is_punctuation.insert(0x003B);
unicode_is_punctuation.insert(0x003F);
unicode_is_punctuation.insert(0x0040);
unicode_is_punctuation.insert(0x005B);
unicode_is_punctuation.insert(0x005C);
unicode_is_punctuation.insert(0x005D);
unicode_is_punctuation.insert(0x005F);
unicode_is_punctuation.insert(0x007B);
unicode_is_punctuation.insert(0x007D);
unicode_is_punctuation.insert(0x00A1);
unicode_is_punctuation.insert(0x00A7);
unicode_is_punctuation.insert(0x00AB);
unicode_is_punctuation.insert(0x00B6);
unicode_is_punctuation.insert(0x00B7);
unicode_is_punctuation.insert(0x00BB);
unicode_is_punctuation.insert(0x00BF);
unicode_is_punctuation.insert(0x037E);
unicode_is_punctuation.insert(0x0387);
unicode_is_punctuation.insert(0x055A);
unicode_is_punctuation.insert(0x055B);
unicode_is_punctuation.insert(0x055C);
unicode_is_punctuation.insert(0x055D);
unicode_is_punctuation.insert(0x055E);
unicode_is_punctuation.insert(0x055F);
unicode_is_punctuation.insert(0x0589);
unicode_is_punctuation.insert(0x058A);
unicode_is_punctuation.insert(0x05BE);
unicode_is_punctuation.insert(0x05C0);
unicode_is_punctuation.insert(0x05C3);
unicode_is_punctuation.insert(0x05C6);
unicode_is_punctuation.insert(0x05F3);
unicode_is_punctuation.insert(0x05F4);
unicode_is_punctuation.insert(0x0609);
unicode_is_punctuation.insert(0x060A);
unicode_is_punctuation.insert(0x060C);
unicode_is_punctuation.insert(0x060D);
unicode_is_punctuation.insert(0x061B);
unicode_is_punctuation.insert(0x061E);
unicode_is_punctuation.insert(0x061F);
unicode_is_punctuation.insert(0x066A);
unicode_is_punctuation.insert(0x066B);
unicode_is_punctuation.insert(0x066C);
unicode_is_punctuation.insert(0x066D);
unicode_is_punctuation.insert(0x06D4);
unicode_is_punctuation.insert(0x0700);
unicode_is_punctuation.insert(0x0701);
unicode_is_punctuation.insert(0x0702);
unicode_is_punctuation.insert(0x0703);
unicode_is_punctuation.insert(0x0704);
unicode_is_punctuation.insert(0x0705);
unicode_is_punctuation.insert(0x0706);
unicode_is_punctuation.insert(0x0707);
unicode_is_punctuation.insert(0x0708);
unicode_is_punctuation.insert(0x0709);
unicode_is_punctuation.insert(0x070A);
unicode_is_punctuation.insert(0x070B);
unicode_is_punctuation.insert(0x070C);
unicode_is_punctuation.insert(0x070D);
unicode_is_punctuation.insert(0x07F7);
unicode_is_punctuation.insert(0x07F8);
unicode_is_punctuation.insert(0x07F9);
unicode_is_punctuation.insert(0x0830);
unicode_is_punctuation.insert(0x0831);
unicode_is_punctuation.insert(0x0832);
unicode_is_punctuation.insert(0x0833);
unicode_is_punctuation.insert(0x0834);
unicode_is_punctuation.insert(0x0835);
unicode_is_punctuation.insert(0x0836);
unicode_is_punctuation.insert(0x0837);
unicode_is_punctuation.insert(0x0838);
unicode_is_punctuation.insert(0x0839);
unicode_is_punctuation.insert(0x083A);
unicode_is_punctuation.insert(0x083B);
unicode_is_punctuation.insert(0x083C);
unicode_is_punctuation.insert(0x083D);
unicode_is_punctuation.insert(0x083E);
unicode_is_punctuation.insert(0x085E);
unicode_is_punctuation.insert(0x0964);
unicode_is_punctuation.insert(0x0965);
unicode_is_punctuation.insert(0x0970);
unicode_is_punctuation.insert(0x0AF0);
unicode_is_punctuation.insert(0x0DF4);
unicode_is_punctuation.insert(0x0E4F);
unicode_is_punctuation.insert(0x0E5A);
unicode_is_punctuation.insert(0x0E5B);
unicode_is_punctuation.insert(0x0F04);
unicode_is_punctuation.insert(0x0F05);
unicode_is_punctuation.insert(0x0F06);
unicode_is_punctuation.insert(0x0F07);
unicode_is_punctuation.insert(0x0F08);
unicode_is_punctuation.insert(0x0F09);
unicode_is_punctuation.insert(0x0F0A);
unicode_is_punctuation.insert(0x0F0B);
unicode_is_punctuation.insert(0x0F0C);
unicode_is_punctuation.insert(0x0F0D);
unicode_is_punctuation.insert(0x0F0E);
unicode_is_punctuation.insert(0x0F0F);
unicode_is_punctuation.insert(0x0F10);
unicode_is_punctuation.insert(0x0F11);
unicode_is_punctuation.insert(0x0F12);
unicode_is_punctuation.insert(0x0F14);
unicode_is_punctuation.insert(0x0F3A);
unicode_is_punctuation.insert(0x0F3B);
unicode_is_punctuation.insert(0x0F3C);
unicode_is_punctuation.insert(0x0F3D);
unicode_is_punctuation.insert(0x0F85);
unicode_is_punctuation.insert(0x0FD0);
unicode_is_punctuation.insert(0x0FD1);
unicode_is_punctuation.insert(0x0FD2);
unicode_is_punctuation.insert(0x0FD3);
unicode_is_punctuation.insert(0x0FD4);
unicode_is_punctuation.insert(0x0FD9);
unicode_is_punctuation.insert(0x0FDA);
unicode_is_punctuation.insert(0x10100);
unicode_is_punctuation.insert(0x10101);
unicode_is_punctuation.insert(0x10102);
unicode_is_punctuation.insert(0x1039F);
unicode_is_punctuation.insert(0x103D0);
unicode_is_punctuation.insert(0x104A);
unicode_is_punctuation.insert(0x104B);
unicode_is_punctuation.insert(0x104C);
unicode_is_punctuation.insert(0x104D);
unicode_is_punctuation.insert(0x104E);
unicode_is_punctuation.insert(0x104F);
unicode_is_punctuation.insert(0x10857);
unicode_is_punctuation.insert(0x1091F);
unicode_is_punctuation.insert(0x1093F);
unicode_is_punctuation.insert(0x10A50);
unicode_is_punctuation.insert(0x10A51);
unicode_is_punctuation.insert(0x10A52);
unicode_is_punctuation.insert(0x10A53);
unicode_is_punctuation.insert(0x10A54);
unicode_is_punctuation.insert(0x10A55);
unicode_is_punctuation.insert(0x10A56);
unicode_is_punctuation.insert(0x10A57);
unicode_is_punctuation.insert(0x10A58);
unicode_is_punctuation.insert(0x10A7F);
unicode_is_punctuation.insert(0x10B39);
unicode_is_punctuation.insert(0x10B3A);
unicode_is_punctuation.insert(0x10B3B);
unicode_is_punctuation.insert(0x10B3C);
unicode_is_punctuation.insert(0x10B3D);
unicode_is_punctuation.insert(0x10B3E);
unicode_is_punctuation.insert(0x10B3F);
unicode_is_punctuation.insert(0x10FB);
unicode_is_punctuation.insert(0x11047);
unicode_is_punctuation.insert(0x11048);
unicode_is_punctuation.insert(0x11049);
unicode_is_punctuation.insert(0x1104A);
unicode_is_punctuation.insert(0x1104B);
unicode_is_punctuation.insert(0x1104C);
unicode_is_punctuation.insert(0x1104D);
unicode_is_punctuation.insert(0x110BB);
unicode_is_punctuation.insert(0x110BC);
unicode_is_punctuation.insert(0x110BE);
unicode_is_punctuation.insert(0x110BF);
unicode_is_punctuation.insert(0x110C0);
unicode_is_punctuation.insert(0x110C1);
unicode_is_punctuation.insert(0x11140);
unicode_is_punctuation.insert(0x11141);
unicode_is_punctuation.insert(0x11142);
unicode_is_punctuation.insert(0x11143);
unicode_is_punctuation.insert(0x111C5);
unicode_is_punctuation.insert(0x111C6);
unicode_is_punctuation.insert(0x111C7);
unicode_is_punctuation.insert(0x111C8);
unicode_is_punctuation.insert(0x12470);
unicode_is_punctuation.insert(0x12471);
unicode_is_punctuation.insert(0x12472);
unicode_is_punctuation.insert(0x12473);
unicode_is_punctuation.insert(0x1360);
unicode_is_punctuation.insert(0x1361);
unicode_is_punctuation.insert(0x1362);
unicode_is_punctuation.insert(0x1363);
unicode_is_punctuation.insert(0x1364);
unicode_is_punctuation.insert(0x1365);
unicode_is_punctuation.insert(0x1366);
unicode_is_punctuation.insert(0x1367);
unicode_is_punctuation.insert(0x1368);
unicode_is_punctuation.insert(0x1400);
unicode_is_punctuation.insert(0x166D);
unicode_is_punctuation.insert(0x166E);
unicode_is_punctuation.insert(0x169B);
unicode_is_punctuation.insert(0x169C);
unicode_is_punctuation.insert(0x16EB);
unicode_is_punctuation.insert(0x16EC);
unicode_is_punctuation.insert(0x16ED);
unicode_is_punctuation.insert(0x1735);
unicode_is_punctuation.insert(0x1736);
unicode_is_punctuation.insert(0x17D4);
unicode_is_punctuation.insert(0x17D5);
unicode_is_punctuation.insert(0x17D6);
unicode_is_punctuation.insert(0x17D8);
unicode_is_punctuation.insert(0x17D9);
unicode_is_punctuation.insert(0x17DA);
unicode_is_punctuation.insert(0x1800);
unicode_is_punctuation.insert(0x1801);
unicode_is_punctuation.insert(0x1802);
unicode_is_punctuation.insert(0x1803);
unicode_is_punctuation.insert(0x1804);
unicode_is_punctuation.insert(0x1805);
unicode_is_punctuation.insert(0x1806);
unicode_is_punctuation.insert(0x1807);
unicode_is_punctuation.insert(0x1808);
unicode_is_punctuation.insert(0x1809);
unicode_is_punctuation.insert(0x180A);
unicode_is_punctuation.insert(0x1944);
unicode_is_punctuation.insert(0x1945);
unicode_is_punctuation.insert(0x1A1E);
unicode_is_punctuation.insert(0x1A1F);
unicode_is_punctuation.insert(0x1AA0);
unicode_is_punctuation.insert(0x1AA1);
unicode_is_punctuation.insert(0x1AA2);
unicode_is_punctuation.insert(0x1AA3);
unicode_is_punctuation.insert(0x1AA4);
unicode_is_punctuation.insert(0x1AA5);
unicode_is_punctuation.insert(0x1AA6);
unicode_is_punctuation.insert(0x1AA8);
unicode_is_punctuation.insert(0x1AA9);
unicode_is_punctuation.insert(0x1AAA);
unicode_is_punctuation.insert(0x1AAB);
unicode_is_punctuation.insert(0x1AAC);
unicode_is_punctuation.insert(0x1AAD);
unicode_is_punctuation.insert(0x1B5A);
unicode_is_punctuation.insert(0x1B5B);
unicode_is_punctuation.insert(0x1B5C);
unicode_is_punctuation.insert(0x1B5D);
unicode_is_punctuation.insert(0x1B5E);
unicode_is_punctuation.insert(0x1B5F);
unicode_is_punctuation.insert(0x1B60);
unicode_is_punctuation.insert(0x1BFC);
unicode_is_punctuation.insert(0x1BFD);
unicode_is_punctuation.insert(0x1BFE);
unicode_is_punctuation.insert(0x1BFF);
unicode_is_punctuation.insert(0x1C3B);
unicode_is_punctuation.insert(0x1C3C);
unicode_is_punctuation.insert(0x1C3D);
unicode_is_punctuation.insert(0x1C3E);
unicode_is_punctuation.insert(0x1C3F);
unicode_is_punctuation.insert(0x1C7E);
unicode_is_punctuation.insert(0x1C7F);
unicode_is_punctuation.insert(0x1CC0);
unicode_is_punctuation.insert(0x1CC1);
unicode_is_punctuation.insert(0x1CC2);
unicode_is_punctuation.insert(0x1CC3);
unicode_is_punctuation.insert(0x1CC4);
unicode_is_punctuation.insert(0x1CC5);
unicode_is_punctuation.insert(0x1CC6);
unicode_is_punctuation.insert(0x1CC7);
unicode_is_punctuation.insert(0x1CD3);
unicode_is_punctuation.insert(0x2010);
unicode_is_punctuation.insert(0x2011);
unicode_is_punctuation.insert(0x2012);
unicode_is_punctuation.insert(0x2013);
unicode_is_punctuation.insert(0x2014);
unicode_is_punctuation.insert(0x2015);
unicode_is_punctuation.insert(0x2016);
unicode_is_punctuation.insert(0x2017);
unicode_is_punctuation.insert(0x2018);
unicode_is_punctuation.insert(0x2019);
unicode_is_punctuation.insert(0x201A);
unicode_is_punctuation.insert(0x201B);
unicode_is_punctuation.insert(0x201C);
unicode_is_punctuation.insert(0x201D);
unicode_is_punctuation.insert(0x201E);
unicode_is_punctuation.insert(0x201F);
unicode_is_punctuation.insert(0x2020);
unicode_is_punctuation.insert(0x2021);
unicode_is_punctuation.insert(0x2022);
unicode_is_punctuation.insert(0x2023);
unicode_is_punctuation.insert(0x2024);
unicode_is_punctuation.insert(0x2025);
unicode_is_punctuation.insert(0x2026);
unicode_is_punctuation.insert(0x2027);
unicode_is_punctuation.insert(0x2030);
unicode_is_punctuation.insert(0x2031);
unicode_is_punctuation.insert(0x2032);
unicode_is_punctuation.insert(0x2033);
unicode_is_punctuation.insert(0x2034);
unicode_is_punctuation.insert(0x2035);
unicode_is_punctuation.insert(0x2036);
unicode_is_punctuation.insert(0x2037);
unicode_is_punctuation.insert(0x2038);
unicode_is_punctuation.insert(0x2039);
unicode_is_punctuation.insert(0x203A);
unicode_is_punctuation.insert(0x203B);
unicode_is_punctuation.insert(0x203C);
unicode_is_punctuation.insert(0x203D);
unicode_is_punctuation.insert(0x203E);
unicode_is_punctuation.insert(0x203F);
unicode_is_punctuation.insert(0x2040);
unicode_is_punctuation.insert(0x2041);
unicode_is_punctuation.insert(0x2042);
unicode_is_punctuation.insert(0x2043);
unicode_is_punctuation.insert(0x2045);
unicode_is_punctuation.insert(0x2046);
unicode_is_punctuation.insert(0x2047);
unicode_is_punctuation.insert(0x2048);
unicode_is_punctuation.insert(0x2049);
unicode_is_punctuation.insert(0x204A);
unicode_is_punctuation.insert(0x204B);
unicode_is_punctuation.insert(0x204C);
unicode_is_punctuation.insert(0x204D);
unicode_is_punctuation.insert(0x204E);
unicode_is_punctuation.insert(0x204F);
unicode_is_punctuation.insert(0x2050);
unicode_is_punctuation.insert(0x2051);
unicode_is_punctuation.insert(0x2053);
unicode_is_punctuation.insert(0x2054);
unicode_is_punctuation.insert(0x2055);
unicode_is_punctuation.insert(0x2056);
unicode_is_punctuation.insert(0x2057);
unicode_is_punctuation.insert(0x2058);
unicode_is_punctuation.insert(0x2059);
unicode_is_punctuation.insert(0x205A);
unicode_is_punctuation.insert(0x205B);
unicode_is_punctuation.insert(0x205C);
unicode_is_punctuation.insert(0x205D);
unicode_is_punctuation.insert(0x205E);
unicode_is_punctuation.insert(0x207D);
unicode_is_punctuation.insert(0x207E);
unicode_is_punctuation.insert(0x208D);
unicode_is_punctuation.insert(0x208E);
unicode_is_punctuation.insert(0x2308);
unicode_is_punctuation.insert(0x2309);
unicode_is_punctuation.insert(0x230A);
unicode_is_punctuation.insert(0x230B);
unicode_is_punctuation.insert(0x2329);
unicode_is_punctuation.insert(0x232A);
unicode_is_punctuation.insert(0x2768);
unicode_is_punctuation.insert(0x2769);
unicode_is_punctuation.insert(0x276A);
unicode_is_punctuation.insert(0x276B);
unicode_is_punctuation.insert(0x276C);
unicode_is_punctuation.insert(0x276D);
unicode_is_punctuation.insert(0x276E);
unicode_is_punctuation.insert(0x276F);
unicode_is_punctuation.insert(0x2770);
unicode_is_punctuation.insert(0x2771);
unicode_is_punctuation.insert(0x2772);
unicode_is_punctuation.insert(0x2773);
unicode_is_punctuation.insert(0x2774);
unicode_is_punctuation.insert(0x2775);
unicode_is_punctuation.insert(0x27C5);
unicode_is_punctuation.insert(0x27C6);
unicode_is_punctuation.insert(0x27E6);
unicode_is_punctuation.insert(0x27E7);
unicode_is_punctuation.insert(0x27E8);
unicode_is_punctuation.insert(0x27E9);
unicode_is_punctuation.insert(0x27EA);
unicode_is_punctuation.insert(0x27EB);
unicode_is_punctuation.insert(0x27EC);
unicode_is_punctuation.insert(0x27ED);
unicode_is_punctuation.insert(0x27EE);
unicode_is_punctuation.insert(0x27EF);
unicode_is_punctuation.insert(0x2983);
unicode_is_punctuation.insert(0x2984);
unicode_is_punctuation.insert(0x2985);
unicode_is_punctuation.insert(0x2986);
unicode_is_punctuation.insert(0x2987);
unicode_is_punctuation.insert(0x2988);
unicode_is_punctuation.insert(0x2989);
unicode_is_punctuation.insert(0x298A);
unicode_is_punctuation.insert(0x298B);
unicode_is_punctuation.insert(0x298C);
unicode_is_punctuation.insert(0x298D);
unicode_is_punctuation.insert(0x298E);
unicode_is_punctuation.insert(0x298F);
unicode_is_punctuation.insert(0x2990);
unicode_is_punctuation.insert(0x2991);
unicode_is_punctuation.insert(0x2992);
unicode_is_punctuation.insert(0x2993);
unicode_is_punctuation.insert(0x2994);
unicode_is_punctuation.insert(0x2995);
unicode_is_punctuation.insert(0x2996);
unicode_is_punctuation.insert(0x2997);
unicode_is_punctuation.insert(0x2998);
unicode_is_punctuation.insert(0x29D8);
unicode_is_punctuation.insert(0x29D9);
unicode_is_punctuation.insert(0x29DA);
unicode_is_punctuation.insert(0x29DB);
unicode_is_punctuation.insert(0x29FC);
unicode_is_punctuation.insert(0x29FD);
unicode_is_punctuation.insert(0x2CF9);
unicode_is_punctuation.insert(0x2CFA);
unicode_is_punctuation.insert(0x2CFB);
unicode_is_punctuation.insert(0x2CFC);
unicode_is_punctuation.insert(0x2CFE);
unicode_is_punctuation.insert(0x2CFF);
unicode_is_punctuation.insert(0x2D70);
unicode_is_punctuation.insert(0x2E00);
unicode_is_punctuation.insert(0x2E01);
unicode_is_punctuation.insert(0x2E02);
unicode_is_punctuation.insert(0x2E03);
unicode_is_punctuation.insert(0x2E04);
unicode_is_punctuation.insert(0x2E05);
unicode_is_punctuation.insert(0x2E06);
unicode_is_punctuation.insert(0x2E07);
unicode_is_punctuation.insert(0x2E08);
unicode_is_punctuation.insert(0x2E09);
unicode_is_punctuation.insert(0x2E0A);
unicode_is_punctuation.insert(0x2E0B);
unicode_is_punctuation.insert(0x2E0C);
unicode_is_punctuation.insert(0x2E0D);
unicode_is_punctuation.insert(0x2E0E);
unicode_is_punctuation.insert(0x2E0F);
unicode_is_punctuation.insert(0x2E10);
unicode_is_punctuation.insert(0x2E11);
unicode_is_punctuation.insert(0x2E12);
unicode_is_punctuation.insert(0x2E13);
unicode_is_punctuation.insert(0x2E14);
unicode_is_punctuation.insert(0x2E15);
unicode_is_punctuation.insert(0x2E16);
unicode_is_punctuation.insert(0x2E17);
unicode_is_punctuation.insert(0x2E18);
unicode_is_punctuation.insert(0x2E19);
unicode_is_punctuation.insert(0x2E1A);
unicode_is_punctuation.insert(0x2E1B);
unicode_is_punctuation.insert(0x2E1C);
unicode_is_punctuation.insert(0x2E1D);
unicode_is_punctuation.insert(0x2E1E);
unicode_is_punctuation.insert(0x2E1F);
unicode_is_punctuation.insert(0x2E20);
unicode_is_punctuation.insert(0x2E21);
unicode_is_punctuation.insert(0x2E22);
unicode_is_punctuation.insert(0x2E23);
unicode_is_punctuation.insert(0x2E24);
unicode_is_punctuation.insert(0x2E25);
unicode_is_punctuation.insert(0x2E26);
unicode_is_punctuation.insert(0x2E27);
unicode_is_punctuation.insert(0x2E28);
unicode_is_punctuation.insert(0x2E29);
unicode_is_punctuation.insert(0x2E2A);
unicode_is_punctuation.insert(0x2E2B);
unicode_is_punctuation.insert(0x2E2C);
unicode_is_punctuation.insert(0x2E2D);
unicode_is_punctuation.insert(0x2E2E);
unicode_is_punctuation.insert(0x2E30);
unicode_is_punctuation.insert(0x2E31);
unicode_is_punctuation.insert(0x2E32);
unicode_is_punctuation.insert(0x2E33);
unicode_is_punctuation.insert(0x2E34);
unicode_is_punctuation.insert(0x2E35);
unicode_is_punctuation.insert(0x2E36);
unicode_is_punctuation.insert(0x2E37);
unicode_is_punctuation.insert(0x2E38);
unicode_is_punctuation.insert(0x2E39);
unicode_is_punctuation.insert(0x2E3A);
unicode_is_punctuation.insert(0x2E3B);
unicode_is_punctuation.insert(0x3001);
unicode_is_punctuation.insert(0x3002);
unicode_is_punctuation.insert(0x3003);
unicode_is_punctuation.insert(0x3008);
unicode_is_punctuation.insert(0x3009);
unicode_is_punctuation.insert(0x300A);
unicode_is_punctuation.insert(0x300B);
unicode_is_punctuation.insert(0x300C);
unicode_is_punctuation.insert(0x300D);
unicode_is_punctuation.insert(0x300E);
unicode_is_punctuation.insert(0x300F);
unicode_is_punctuation.insert(0x3010);
unicode_is_punctuation.insert(0x3011);
unicode_is_punctuation.insert(0x3014);
unicode_is_punctuation.insert(0x3015);
unicode_is_punctuation.insert(0x3016);
unicode_is_punctuation.insert(0x3017);
unicode_is_punctuation.insert(0x3018);
unicode_is_punctuation.insert(0x3019);
unicode_is_punctuation.insert(0x301A);
unicode_is_punctuation.insert(0x301B);
unicode_is_punctuation.insert(0x301C);
unicode_is_punctuation.insert(0x301D);
unicode_is_punctuation.insert(0x301E);
unicode_is_punctuation.insert(0x301F);
unicode_is_punctuation.insert(0x3030);
unicode_is_punctuation.insert(0x303D);
unicode_is_punctuation.insert(0x30A0);
unicode_is_punctuation.insert(0x30FB);
unicode_is_punctuation.insert(0xA4FE);
unicode_is_punctuation.insert(0xA4FF);
unicode_is_punctuation.insert(0xA60D);
unicode_is_punctuation.insert(0xA60E);
unicode_is_punctuation.insert(0xA60F);
unicode_is_punctuation.insert(0xA673);
unicode_is_punctuation.insert(0xA67E);
unicode_is_punctuation.insert(0xA6F2);
unicode_is_punctuation.insert(0xA6F3);
unicode_is_punctuation.insert(0xA6F4);
unicode_is_punctuation.insert(0xA6F5);
unicode_is_punctuation.insert(0xA6F6);
unicode_is_punctuation.insert(0xA6F7);
unicode_is_punctuation.insert(0xA874);
unicode_is_punctuation.insert(0xA875);
unicode_is_punctuation.insert(0xA876);
unicode_is_punctuation.insert(0xA877);
unicode_is_punctuation.insert(0xA8CE);
unicode_is_punctuation.insert(0xA8CF);
unicode_is_punctuation.insert(0xA8F8);
unicode_is_punctuation.insert(0xA8F9);
unicode_is_punctuation.insert(0xA8FA);
unicode_is_punctuation.insert(0xA92E);
unicode_is_punctuation.insert(0xA92F);
unicode_is_punctuation.insert(0xA95F);
unicode_is_punctuation.insert(0xA9C1);
unicode_is_punctuation.insert(0xA9C2);
unicode_is_punctuation.insert(0xA9C3);
unicode_is_punctuation.insert(0xA9C4);
unicode_is_punctuation.insert(0xA9C5);
unicode_is_punctuation.insert(0xA9C6);
unicode_is_punctuation.insert(0xA9C7);
unicode_is_punctuation.insert(0xA9C8);
unicode_is_punctuation.insert(0xA9C9);
unicode_is_punctuation.insert(0xA9CA);
unicode_is_punctuation.insert(0xA9CB);
unicode_is_punctuation.insert(0xA9CC);
unicode_is_punctuation.insert(0xA9CD);
unicode_is_punctuation.insert(0xA9DE);
unicode_is_punctuation.insert(0xA9DF);
unicode_is_punctuation.insert(0xAA5C);
unicode_is_punctuation.insert(0xAA5D);
unicode_is_punctuation.insert(0xAA5E);
unicode_is_punctuation.insert(0xAA5F);
unicode_is_punctuation.insert(0xAADE);
unicode_is_punctuation.insert(0xAADF);
unicode_is_punctuation.insert(0xAAF0);
unicode_is_punctuation.insert(0xAAF1);
unicode_is_punctuation.insert(0xABEB);
unicode_is_punctuation.insert(0xFD3E);
unicode_is_punctuation.insert(0xFD3F);
unicode_is_punctuation.insert(0xFE10);
unicode_is_punctuation.insert(0xFE11);
unicode_is_punctuation.insert(0xFE12);
unicode_is_punctuation.insert(0xFE13);
unicode_is_punctuation.insert(0xFE14);
unicode_is_punctuation.insert(0xFE15);
unicode_is_punctuation.insert(0xFE16);
unicode_is_punctuation.insert(0xFE17);
unicode_is_punctuation.insert(0xFE18);
unicode_is_punctuation.insert(0xFE19);
unicode_is_punctuation.insert(0xFE30);
unicode_is_punctuation.insert(0xFE31);
unicode_is_punctuation.insert(0xFE32);
unicode_is_punctuation.insert(0xFE33);
unicode_is_punctuation.insert(0xFE34);
unicode_is_punctuation.insert(0xFE35);
unicode_is_punctuation.insert(0xFE36);
unicode_is_punctuation.insert(0xFE37);
unicode_is_punctuation.insert(0xFE38);
unicode_is_punctuation.insert(0xFE39);
unicode_is_punctuation.insert(0xFE3A);
unicode_is_punctuation.insert(0xFE3B);
unicode_is_punctuation.insert(0xFE3C);
unicode_is_punctuation.insert(0xFE3D);
unicode_is_punctuation.insert(0xFE3E);
unicode_is_punctuation.insert(0xFE3F);
unicode_is_punctuation.insert(0xFE40);
unicode_is_punctuation.insert(0xFE41);
unicode_is_punctuation.insert(0xFE42);
unicode_is_punctuation.insert(0xFE43);
unicode_is_punctuation.insert(0xFE44);
unicode_is_punctuation.insert(0xFE45);
unicode_is_punctuation.insert(0xFE46);
unicode_is_punctuation.insert(0xFE47);
unicode_is_punctuation.insert(0xFE48);
unicode_is_punctuation.insert(0xFE49);
unicode_is_punctuation.insert(0xFE4A);
unicode_is_punctuation.insert(0xFE4B);
unicode_is_punctuation.insert(0xFE4C);
unicode_is_punctuation.insert(0xFE4D);
unicode_is_punctuation.insert(0xFE4E);
unicode_is_punctuation.insert(0xFE4F);
unicode_is_punctuation.insert(0xFE50);
unicode_is_punctuation.insert(0xFE51);
unicode_is_punctuation.insert(0xFE52);
unicode_is_punctuation.insert(0xFE54);
unicode_is_punctuation.insert(0xFE55);
unicode_is_punctuation.insert(0xFE56);
unicode_is_punctuation.insert(0xFE57);
unicode_is_punctuation.insert(0xFE58);
unicode_is_punctuation.insert(0xFE59);
unicode_is_punctuation.insert(0xFE5A);
unicode_is_punctuation.insert(0xFE5B);
unicode_is_punctuation.insert(0xFE5C);
unicode_is_punctuation.insert(0xFE5D);
unicode_is_punctuation.insert(0xFE5E);
unicode_is_punctuation.insert(0xFE5F);
unicode_is_punctuation.insert(0xFE60);
unicode_is_punctuation.insert(0xFE61);
unicode_is_punctuation.insert(0xFE63);
unicode_is_punctuation.insert(0xFE68);
unicode_is_punctuation.insert(0xFE6A);
unicode_is_punctuation.insert(0xFE6B);
unicode_is_punctuation.insert(0xFF01);
unicode_is_punctuation.insert(0xFF02);
unicode_is_punctuation.insert(0xFF03);
unicode_is_punctuation.insert(0xFF05);
unicode_is_punctuation.insert(0xFF06);
unicode_is_punctuation.insert(0xFF07);
unicode_is_punctuation.insert(0xFF08);
unicode_is_punctuation.insert(0xFF09);
unicode_is_punctuation.insert(0xFF0A);
unicode_is_punctuation.insert(0xFF0C);
unicode_is_punctuation.insert(0xFF0D);
unicode_is_punctuation.insert(0xFF0E);
unicode_is_punctuation.insert(0xFF0F);
unicode_is_punctuation.insert(0xFF1A);
unicode_is_punctuation.insert(0xFF1B);
unicode_is_punctuation.insert(0xFF1F);
unicode_is_punctuation.insert(0xFF20);
unicode_is_punctuation.insert(0xFF3B);
unicode_is_punctuation.insert(0xFF3C);
unicode_is_punctuation.insert(0xFF3D);
unicode_is_punctuation.insert(0xFF3F);
unicode_is_punctuation.insert(0xFF5B);
unicode_is_punctuation.insert(0xFF5D);
unicode_is_punctuation.insert(0xFF5F);
unicode_is_punctuation.insert(0xFF60);
unicode_is_punctuation.insert(0xFF61);
unicode_is_punctuation.insert(0xFF62);
unicode_is_punctuation.insert(0xFF63);
unicode_is_punctuation.insert(0xFF64);
unicode_is_punctuation.insert(0xFF65);
