unicode_is_alpha.insert(0x0041);
unicode_is_alpha.insert(0x0042);
unicode_is_alpha.insert(0x0043);
unicode_is_alpha.insert(0x0044);
unicode_is_alpha.insert(0x0045);
unicode_is_alpha.insert(0x0046);
unicode_is_alpha.insert(0x0047);
unicode_is_alpha.insert(0x0048);
unicode_is_alpha.insert(0x0049);
unicode_is_alpha.insert(0x004A);
unicode_is_alpha.insert(0x004B);
unicode_is_alpha.insert(0x004C);
unicode_is_alpha.insert(0x004D);
unicode_is_alpha.insert(0x004E);
unicode_is_alpha.insert(0x004F);
unicode_is_alpha.insert(0x0050);
unicode_is_alpha.insert(0x0051);
unicode_is_alpha.insert(0x0052);
unicode_is_alpha.insert(0x0053);
unicode_is_alpha.insert(0x0054);
unicode_is_alpha.insert(0x0055);
unicode_is_alpha.insert(0x0056);
unicode_is_alpha.insert(0x0057);
unicode_is_alpha.insert(0x0058);
unicode_is_alpha.insert(0x0059);
unicode_is_alpha.insert(0x005A);
unicode_is_alpha.insert(0x0061);
unicode_is_alpha.insert(0x0062);
unicode_is_alpha.insert(0x0063);
unicode_is_alpha.insert(0x0064);
unicode_is_alpha.insert(0x0065);
unicode_is_alpha.insert(0x0066);
unicode_is_alpha.insert(0x0067);
unicode_is_alpha.insert(0x0068);
unicode_is_alpha.insert(0x0069);
unicode_is_alpha.insert(0x006A);
unicode_is_alpha.insert(0x006B);
unicode_is_alpha.insert(0x006C);
unicode_is_alpha.insert(0x006D);
unicode_is_alpha.insert(0x006E);
unicode_is_alpha.insert(0x006F);
unicode_is_alpha.insert(0x0070);
unicode_is_alpha.insert(0x0071);
unicode_is_alpha.insert(0x0072);
unicode_is_alpha.insert(0x0073);
unicode_is_alpha.insert(0x0074);
unicode_is_alpha.insert(0x0075);
unicode_is_alpha.insert(0x0076);
unicode_is_alpha.insert(0x0077);
unicode_is_alpha.insert(0x0078);
unicode_is_alpha.insert(0x0079);
unicode_is_alpha.insert(0x007A);
unicode_is_alpha.insert(0x00AA);
unicode_is_alpha.insert(0x00B5);
unicode_is_alpha.insert(0x00BA);
unicode_is_alpha.insert(0x00C0);
unicode_is_alpha.insert(0x00C1);
unicode_is_alpha.insert(0x00C2);
unicode_is_alpha.insert(0x00C3);
unicode_is_alpha.insert(0x00C4);
unicode_is_alpha.insert(0x00C5);
unicode_is_alpha.insert(0x00C6);
unicode_is_alpha.insert(0x00C7);
unicode_is_alpha.insert(0x00C8);
unicode_is_alpha.insert(0x00C9);
unicode_is_alpha.insert(0x00CA);
unicode_is_alpha.insert(0x00CB);
unicode_is_alpha.insert(0x00CC);
unicode_is_alpha.insert(0x00CD);
unicode_is_alpha.insert(0x00CE);
unicode_is_alpha.insert(0x00CF);
unicode_is_alpha.insert(0x00D0);
unicode_is_alpha.insert(0x00D1);
unicode_is_alpha.insert(0x00D2);
unicode_is_alpha.insert(0x00D3);
unicode_is_alpha.insert(0x00D4);
unicode_is_alpha.insert(0x00D5);
unicode_is_alpha.insert(0x00D6);
unicode_is_alpha.insert(0x00D8);
unicode_is_alpha.insert(0x00D9);
unicode_is_alpha.insert(0x00DA);
unicode_is_alpha.insert(0x00DB);
unicode_is_alpha.insert(0x00DC);
unicode_is_alpha.insert(0x00DD);
unicode_is_alpha.insert(0x00DE);
unicode_is_alpha.insert(0x00DF);
unicode_is_alpha.insert(0x00E0);
unicode_is_alpha.insert(0x00E1);
unicode_is_alpha.insert(0x00E2);
unicode_is_alpha.insert(0x00E3);
unicode_is_alpha.insert(0x00E4);
unicode_is_alpha.insert(0x00E5);
unicode_is_alpha.insert(0x00E6);
unicode_is_alpha.insert(0x00E7);
unicode_is_alpha.insert(0x00E8);
unicode_is_alpha.insert(0x00E9);
unicode_is_alpha.insert(0x00EA);
unicode_is_alpha.insert(0x00EB);
unicode_is_alpha.insert(0x00EC);
unicode_is_alpha.insert(0x00ED);
unicode_is_alpha.insert(0x00EE);
unicode_is_alpha.insert(0x00EF);
unicode_is_alpha.insert(0x00F0);
unicode_is_alpha.insert(0x00F1);
unicode_is_alpha.insert(0x00F2);
unicode_is_alpha.insert(0x00F3);
unicode_is_alpha.insert(0x00F4);
unicode_is_alpha.insert(0x00F5);
unicode_is_alpha.insert(0x00F6);
unicode_is_alpha.insert(0x00F8);
unicode_is_alpha.insert(0x00F9);
unicode_is_alpha.insert(0x00FA);
unicode_is_alpha.insert(0x00FB);
unicode_is_alpha.insert(0x00FC);
unicode_is_alpha.insert(0x00FD);
unicode_is_alpha.insert(0x00FE);
unicode_is_alpha.insert(0x00FF);
