unicode_is_digit.insert(0x0030);
unicode_is_digit.insert(0x0031);
unicode_is_digit.insert(0x0032);
unicode_is_digit.insert(0x0033);
unicode_is_digit.insert(0x0034);
unicode_is_digit.insert(0x0035);
unicode_is_digit.insert(0x0036);
unicode_is_digit.insert(0x0037);
unicode_is_digit.insert(0x0038);
unicode_is_digit.insert(0x0039);
unicode_is_digit.insert(0x0660);
unicode_is_digit.insert(0x0661);
unicode_is_digit.insert(0x0662);
unicode_is_digit.insert(0x0663);
unicode_is_digit.insert(0x0664);
unicode_is_digit.insert(0x0665);
unicode_is_digit.insert(0x0666);
unicode_is_digit.insert(0x0667);
unicode_is_digit.insert(0x0668);
unicode_is_digit.insert(0x0669);
unicode_is_digit.insert(0x06F0);
unicode_is_digit.insert(0x06F1);
unicode_is_digit.insert(0x06F2);
unicode_is_digit.insert(0x06F3);
unicode_is_digit.insert(0x06F4);
unicode_is_digit.insert(0x06F5);
unicode_is_digit.insert(0x06F6);
unicode_is_digit.insert(0x06F7);
unicode_is_digit.insert(0x06F8);
unicode_is_digit.insert(0x06F9);
unicode_is_digit.insert(0x07C0);
unicode_is_digit.insert(0x07C1);
unicode_is_digit.insert(0x07C2);
unicode_is_digit.insert(0x07C3);
unicode_is_digit.insert(0x07C4);
unicode_is_digit.insert(0x07C5);
unicode_is_digit.insert(0x07C6);
unicode_is_digit.insert(0x07C7);
unicode_is_digit.insert(0x07C8);
unicode_is_digit.insert(0x07C9);
unicode_is_digit.insert(0x0966);
unicode_is_digit.insert(0x0967);
unicode_is_digit.insert(0x0968);
unicode_is_digit.insert(0x0969);
unicode_is_digit.insert(0x096A);
unicode_is_digit.insert(0x096B);
unicode_is_digit.insert(0x096C);
unicode_is_digit.insert(0x096D);
unicode_is_digit.insert(0x096E);
unicode_is_digit.insert(0x096F);
unicode_is_digit.insert(0x09E6);
unicode_is_digit.insert(0x09E7);
unicode_is_digit.insert(0x09E8);
unicode_is_digit.insert(0x09E9);
unicode_is_digit.insert(0x09EA);
unicode_is_digit.insert(0x09EB);
unicode_is_digit.insert(0x09EC);
unicode_is_digit.insert(0x09ED);
unicode_is_digit.insert(0x09EE);
unicode_is_digit.insert(0x09EF);
unicode_is_digit.insert(0x0A66);
unicode_is_digit.insert(0x0A67);
unicode_is_digit.insert(0x0A68);
unicode_is_digit.insert(0x0A69);
unicode_is_digit.insert(0x0A6A);
unicode_is_digit.insert(0x0A6B);
unicode_is_digit.insert(0x0A6C);
unicode_is_digit.insert(0x0A6D);
unicode_is_digit.insert(0x0A6E);
unicode_is_digit.insert(0x0A6F);
unicode_is_digit.insert(0x0AE6);
unicode_is_digit.insert(0x0AE7);
unicode_is_digit.insert(0x0AE8);
unicode_is_digit.insert(0x0AE9);
unicode_is_digit.insert(0x0AEA);
unicode_is_digit.insert(0x0AEB);
unicode_is_digit.insert(0x0AEC);
unicode_is_digit.insert(0x0AED);
unicode_is_digit.insert(0x0AEE);
unicode_is_digit.insert(0x0AEF);
unicode_is_digit.insert(0x0B66);
unicode_is_digit.insert(0x0B67);
unicode_is_digit.insert(0x0B68);
unicode_is_digit.insert(0x0B69);
unicode_is_digit.insert(0x0B6A);
unicode_is_digit.insert(0x0B6B);
unicode_is_digit.insert(0x0B6C);
unicode_is_digit.insert(0x0B6D);
unicode_is_digit.insert(0x0B6E);
unicode_is_digit.insert(0x0B6F);
unicode_is_digit.insert(0x0BE6);
unicode_is_digit.insert(0x0BE7);
unicode_is_digit.insert(0x0BE8);
unicode_is_digit.insert(0x0BE9);
unicode_is_digit.insert(0x0BEA);
unicode_is_digit.insert(0x0BEB);
unicode_is_digit.insert(0x0BEC);
unicode_is_digit.insert(0x0BED);
unicode_is_digit.insert(0x0BEE);
unicode_is_digit.insert(0x0BEF);
unicode_is_digit.insert(0x0C66);
unicode_is_digit.insert(0x0C67);
unicode_is_digit.insert(0x0C68);
unicode_is_digit.insert(0x0C69);
unicode_is_digit.insert(0x0C6A);
unicode_is_digit.insert(0x0C6B);
unicode_is_digit.insert(0x0C6C);
unicode_is_digit.insert(0x0C6D);
unicode_is_digit.insert(0x0C6E);
unicode_is_digit.insert(0x0C6F);
unicode_is_digit.insert(0x0CE6);
unicode_is_digit.insert(0x0CE7);
unicode_is_digit.insert(0x0CE8);
unicode_is_digit.insert(0x0CE9);
unicode_is_digit.insert(0x0CEA);
unicode_is_digit.insert(0x0CEB);
unicode_is_digit.insert(0x0CEC);
unicode_is_digit.insert(0x0CED);
unicode_is_digit.insert(0x0CEE);
unicode_is_digit.insert(0x0CEF);
unicode_is_digit.insert(0x0D66);
unicode_is_digit.insert(0x0D67);
unicode_is_digit.insert(0x0D68);
unicode_is_digit.insert(0x0D69);
unicode_is_digit.insert(0x0D6A);
unicode_is_digit.insert(0x0D6B);
unicode_is_digit.insert(0x0D6C);
unicode_is_digit.insert(0x0D6D);
unicode_is_digit.insert(0x0D6E);
unicode_is_digit.insert(0x0D6F);
unicode_is_digit.insert(0x0E50);
unicode_is_digit.insert(0x0E51);
unicode_is_digit.insert(0x0E52);
unicode_is_digit.insert(0x0E53);
unicode_is_digit.insert(0x0E54);
unicode_is_digit.insert(0x0E55);
unicode_is_digit.insert(0x0E56);
unicode_is_digit.insert(0x0E57);
unicode_is_digit.insert(0x0E58);
unicode_is_digit.insert(0x0E59);
unicode_is_digit.insert(0x0ED0);
unicode_is_digit.insert(0x0ED1);
unicode_is_digit.insert(0x0ED2);
unicode_is_digit.insert(0x0ED3);
unicode_is_digit.insert(0x0ED4);
unicode_is_digit.insert(0x0ED5);
unicode_is_digit.insert(0x0ED6);
unicode_is_digit.insert(0x0ED7);
unicode_is_digit.insert(0x0ED8);
unicode_is_digit.insert(0x0ED9);
unicode_is_digit.insert(0x0F20);
unicode_is_digit.insert(0x0F21);
unicode_is_digit.insert(0x0F22);
unicode_is_digit.insert(0x0F23);
unicode_is_digit.insert(0x0F24);
unicode_is_digit.insert(0x0F25);
unicode_is_digit.insert(0x0F26);
unicode_is_digit.insert(0x0F27);
unicode_is_digit.insert(0x0F28);
unicode_is_digit.insert(0x0F29);
unicode_is_digit.insert(0x1040);
unicode_is_digit.insert(0x1041);
unicode_is_digit.insert(0x1042);
unicode_is_digit.insert(0x1043);
unicode_is_digit.insert(0x1044);
unicode_is_digit.insert(0x1045);
unicode_is_digit.insert(0x1046);
unicode_is_digit.insert(0x1047);
unicode_is_digit.insert(0x1048);
unicode_is_digit.insert(0x1049);
unicode_is_digit.insert(0x104A0);
unicode_is_digit.insert(0x104A1);
unicode_is_digit.insert(0x104A2);
unicode_is_digit.insert(0x104A3);
unicode_is_digit.insert(0x104A4);
unicode_is_digit.insert(0x104A5);
unicode_is_digit.insert(0x104A6);
unicode_is_digit.insert(0x104A7);
unicode_is_digit.insert(0x104A8);
unicode_is_digit.insert(0x104A9);
unicode_is_digit.insert(0x1090);
unicode_is_digit.insert(0x1091);
unicode_is_digit.insert(0x1092);
unicode_is_digit.insert(0x1093);
unicode_is_digit.insert(0x1094);
unicode_is_digit.insert(0x1095);
unicode_is_digit.insert(0x1096);
unicode_is_digit.insert(0x1097);
unicode_is_digit.insert(0x1098);
unicode_is_digit.insert(0x1099);
unicode_is_digit.insert(0x11066);
unicode_is_digit.insert(0x11067);
unicode_is_digit.insert(0x11068);
unicode_is_digit.insert(0x11069);
unicode_is_digit.insert(0x1106A);
unicode_is_digit.insert(0x1106B);
unicode_is_digit.insert(0x1106C);
unicode_is_digit.insert(0x1106D);
unicode_is_digit.insert(0x1106E);
unicode_is_digit.insert(0x1106F);
unicode_is_digit.insert(0x110F0);
unicode_is_digit.insert(0x110F1);
unicode_is_digit.insert(0x110F2);
unicode_is_digit.insert(0x110F3);
unicode_is_digit.insert(0x110F4);
unicode_is_digit.insert(0x110F5);
unicode_is_digit.insert(0x110F6);
unicode_is_digit.insert(0x110F7);
unicode_is_digit.insert(0x110F8);
unicode_is_digit.insert(0x110F9);
unicode_is_digit.insert(0x11136);
unicode_is_digit.insert(0x11137);
unicode_is_digit.insert(0x11138);
unicode_is_digit.insert(0x11139);
unicode_is_digit.insert(0x1113A);
unicode_is_digit.insert(0x1113B);
unicode_is_digit.insert(0x1113C);
unicode_is_digit.insert(0x1113D);
unicode_is_digit.insert(0x1113E);
unicode_is_digit.insert(0x1113F);
unicode_is_digit.insert(0x111D0);
unicode_is_digit.insert(0x111D1);
unicode_is_digit.insert(0x111D2);
unicode_is_digit.insert(0x111D3);
unicode_is_digit.insert(0x111D4);
unicode_is_digit.insert(0x111D5);
unicode_is_digit.insert(0x111D6);
unicode_is_digit.insert(0x111D7);
unicode_is_digit.insert(0x111D8);
unicode_is_digit.insert(0x111D9);
unicode_is_digit.insert(0x116C0);
unicode_is_digit.insert(0x116C1);
unicode_is_digit.insert(0x116C2);
unicode_is_digit.insert(0x116C3);
unicode_is_digit.insert(0x116C4);
unicode_is_digit.insert(0x116C5);
unicode_is_digit.insert(0x116C6);
unicode_is_digit.insert(0x116C7);
unicode_is_digit.insert(0x116C8);
unicode_is_digit.insert(0x116C9);
unicode_is_digit.insert(0x17E0);
unicode_is_digit.insert(0x17E1);
unicode_is_digit.insert(0x17E2);
unicode_is_digit.insert(0x17E3);
unicode_is_digit.insert(0x17E4);
unicode_is_digit.insert(0x17E5);
unicode_is_digit.insert(0x17E6);
unicode_is_digit.insert(0x17E7);
unicode_is_digit.insert(0x17E8);
unicode_is_digit.insert(0x17E9);
unicode_is_digit.insert(0x1810);
unicode_is_digit.insert(0x1811);
unicode_is_digit.insert(0x1812);
unicode_is_digit.insert(0x1813);
unicode_is_digit.insert(0x1814);
unicode_is_digit.insert(0x1815);
unicode_is_digit.insert(0x1816);
unicode_is_digit.insert(0x1817);
unicode_is_digit.insert(0x1818);
unicode_is_digit.insert(0x1819);
unicode_is_digit.insert(0x1946);
unicode_is_digit.insert(0x1947);
unicode_is_digit.insert(0x1948);
unicode_is_digit.insert(0x1949);
unicode_is_digit.insert(0x194A);
unicode_is_digit.insert(0x194B);
unicode_is_digit.insert(0x194C);
unicode_is_digit.insert(0x194D);
unicode_is_digit.insert(0x194E);
unicode_is_digit.insert(0x194F);
unicode_is_digit.insert(0x19D0);
unicode_is_digit.insert(0x19D1);
unicode_is_digit.insert(0x19D2);
unicode_is_digit.insert(0x19D3);
unicode_is_digit.insert(0x19D4);
unicode_is_digit.insert(0x19D5);
unicode_is_digit.insert(0x19D6);
unicode_is_digit.insert(0x19D7);
unicode_is_digit.insert(0x19D8);
unicode_is_digit.insert(0x19D9);
unicode_is_digit.insert(0x1A80);
unicode_is_digit.insert(0x1A81);
unicode_is_digit.insert(0x1A82);
unicode_is_digit.insert(0x1A83);
unicode_is_digit.insert(0x1A84);
unicode_is_digit.insert(0x1A85);
unicode_is_digit.insert(0x1A86);
unicode_is_digit.insert(0x1A87);
unicode_is_digit.insert(0x1A88);
unicode_is_digit.insert(0x1A89);
unicode_is_digit.insert(0x1A90);
unicode_is_digit.insert(0x1A91);
unicode_is_digit.insert(0x1A92);
unicode_is_digit.insert(0x1A93);
unicode_is_digit.insert(0x1A94);
unicode_is_digit.insert(0x1A95);
unicode_is_digit.insert(0x1A96);
unicode_is_digit.insert(0x1A97);
unicode_is_digit.insert(0x1A98);
unicode_is_digit.insert(0x1A99);
unicode_is_digit.insert(0x1B50);
unicode_is_digit.insert(0x1B51);
unicode_is_digit.insert(0x1B52);
unicode_is_digit.insert(0x1B53);
unicode_is_digit.insert(0x1B54);
unicode_is_digit.insert(0x1B55);
unicode_is_digit.insert(0x1B56);
unicode_is_digit.insert(0x1B57);
unicode_is_digit.insert(0x1B58);
unicode_is_digit.insert(0x1B59);
unicode_is_digit.insert(0x1BB0);
unicode_is_digit.insert(0x1BB1);
unicode_is_digit.insert(0x1BB2);
unicode_is_digit.insert(0x1BB3);
unicode_is_digit.insert(0x1BB4);
unicode_is_digit.insert(0x1BB5);
unicode_is_digit.insert(0x1BB6);
unicode_is_digit.insert(0x1BB7);
unicode_is_digit.insert(0x1BB8);
unicode_is_digit.insert(0x1BB9);
unicode_is_digit.insert(0x1C40);
unicode_is_digit.insert(0x1C41);
unicode_is_digit.insert(0x1C42);
unicode_is_digit.insert(0x1C43);
unicode_is_digit.insert(0x1C44);
unicode_is_digit.insert(0x1C45);
unicode_is_digit.insert(0x1C46);
unicode_is_digit.insert(0x1C47);
unicode_is_digit.insert(0x1C48);
unicode_is_digit.insert(0x1C49);
unicode_is_digit.insert(0x1C50);
unicode_is_digit.insert(0x1C51);
unicode_is_digit.insert(0x1C52);
unicode_is_digit.insert(0x1C53);
unicode_is_digit.insert(0x1C54);
unicode_is_digit.insert(0x1C55);
unicode_is_digit.insert(0x1C56);
unicode_is_digit.insert(0x1C57);
unicode_is_digit.insert(0x1C58);
unicode_is_digit.insert(0x1C59);
unicode_is_digit.insert(0x1D7CE);
unicode_is_digit.insert(0x1D7CF);
unicode_is_digit.insert(0x1D7D0);
unicode_is_digit.insert(0x1D7D1);
unicode_is_digit.insert(0x1D7D2);
unicode_is_digit.insert(0x1D7D3);
unicode_is_digit.insert(0x1D7D4);
unicode_is_digit.insert(0x1D7D5);
unicode_is_digit.insert(0x1D7D6);
unicode_is_digit.insert(0x1D7D7);
unicode_is_digit.insert(0x1D7D8);
unicode_is_digit.insert(0x1D7D9);
unicode_is_digit.insert(0x1D7DA);
unicode_is_digit.insert(0x1D7DB);
unicode_is_digit.insert(0x1D7DC);
unicode_is_digit.insert(0x1D7DD);
unicode_is_digit.insert(0x1D7DE);
unicode_is_digit.insert(0x1D7DF);
unicode_is_digit.insert(0x1D7E0);
unicode_is_digit.insert(0x1D7E1);
unicode_is_digit.insert(0x1D7E2);
unicode_is_digit.insert(0x1D7E3);
unicode_is_digit.insert(0x1D7E4);
unicode_is_digit.insert(0x1D7E5);
unicode_is_digit.insert(0x1D7E6);
unicode_is_digit.insert(0x1D7E7);
unicode_is_digit.insert(0x1D7E8);
unicode_is_digit.insert(0x1D7E9);
unicode_is_digit.insert(0x1D7EA);
unicode_is_digit.insert(0x1D7EB);
unicode_is_digit.insert(0x1D7EC);
unicode_is_digit.insert(0x1D7ED);
unicode_is_digit.insert(0x1D7EE);
unicode_is_digit.insert(0x1D7EF);
unicode_is_digit.insert(0x1D7F0);
unicode_is_digit.insert(0x1D7F1);
unicode_is_digit.insert(0x1D7F2);
unicode_is_digit.insert(0x1D7F3);
unicode_is_digit.insert(0x1D7F4);
unicode_is_digit.insert(0x1D7F5);
unicode_is_digit.insert(0x1D7F6);
unicode_is_digit.insert(0x1D7F7);
unicode_is_digit.insert(0x1D7F8);
unicode_is_digit.insert(0x1D7F9);
unicode_is_digit.insert(0x1D7FA);
unicode_is_digit.insert(0x1D7FB);
unicode_is_digit.insert(0x1D7FC);
unicode_is_digit.insert(0x1D7FD);
unicode_is_digit.insert(0x1D7FE);
unicode_is_digit.insert(0x1D7FF);
unicode_is_digit.insert(0xA620);
unicode_is_digit.insert(0xA621);
unicode_is_digit.insert(0xA622);
unicode_is_digit.insert(0xA623);
unicode_is_digit.insert(0xA624);
unicode_is_digit.insert(0xA625);
unicode_is_digit.insert(0xA626);
unicode_is_digit.insert(0xA627);
unicode_is_digit.insert(0xA628);
unicode_is_digit.insert(0xA629);
unicode_is_digit.insert(0xA8D0);
unicode_is_digit.insert(0xA8D1);
unicode_is_digit.insert(0xA8D2);
unicode_is_digit.insert(0xA8D3);
unicode_is_digit.insert(0xA8D4);
unicode_is_digit.insert(0xA8D5);
unicode_is_digit.insert(0xA8D6);
unicode_is_digit.insert(0xA8D7);
unicode_is_digit.insert(0xA8D8);
unicode_is_digit.insert(0xA8D9);
unicode_is_digit.insert(0xA900);
unicode_is_digit.insert(0xA901);
unicode_is_digit.insert(0xA902);
unicode_is_digit.insert(0xA903);
unicode_is_digit.insert(0xA904);
unicode_is_digit.insert(0xA905);
unicode_is_digit.insert(0xA906);
unicode_is_digit.insert(0xA907);
unicode_is_digit.insert(0xA908);
unicode_is_digit.insert(0xA909);
unicode_is_digit.insert(0xA9D0);
unicode_is_digit.insert(0xA9D1);
unicode_is_digit.insert(0xA9D2);
unicode_is_digit.insert(0xA9D3);
unicode_is_digit.insert(0xA9D4);
unicode_is_digit.insert(0xA9D5);
unicode_is_digit.insert(0xA9D6);
unicode_is_digit.insert(0xA9D7);
unicode_is_digit.insert(0xA9D8);
unicode_is_digit.insert(0xA9D9);
unicode_is_digit.insert(0xAA50);
unicode_is_digit.insert(0xAA51);
unicode_is_digit.insert(0xAA52);
unicode_is_digit.insert(0xAA53);
unicode_is_digit.insert(0xAA54);
unicode_is_digit.insert(0xAA55);
unicode_is_digit.insert(0xAA56);
unicode_is_digit.insert(0xAA57);
unicode_is_digit.insert(0xAA58);
unicode_is_digit.insert(0xAA59);
unicode_is_digit.insert(0xABF0);
unicode_is_digit.insert(0xABF1);
unicode_is_digit.insert(0xABF2);
unicode_is_digit.insert(0xABF3);
unicode_is_digit.insert(0xABF4);
unicode_is_digit.insert(0xABF5);
unicode_is_digit.insert(0xABF6);
unicode_is_digit.insert(0xABF7);
unicode_is_digit.insert(0xABF8);
unicode_is_digit.insert(0xABF9);
unicode_is_digit.insert(0xFF10);
unicode_is_digit.insert(0xFF11);
unicode_is_digit.insert(0xFF12);
unicode_is_digit.insert(0xFF13);
unicode_is_digit.insert(0xFF14);
unicode_is_digit.insert(0xFF15);
unicode_is_digit.insert(0xFF16);
unicode_is_digit.insert(0xFF17);
unicode_is_digit.insert(0xFF18);
unicode_is_digit.insert(0xFF19);
