unicode_to_title[0x0061] = 0x0041;
unicode_to_title[0x0062] = 0x0042;
unicode_to_title[0x0063] = 0x0043;
unicode_to_title[0x0064] = 0x0044;
unicode_to_title[0x0065] = 0x0045;
unicode_to_title[0x0066] = 0x0046;
unicode_to_title[0x0067] = 0x0047;
unicode_to_title[0x0068] = 0x0048;
unicode_to_title[0x0069] = 0x0049;
unicode_to_title[0x006A] = 0x004A;
unicode_to_title[0x006B] = 0x004B;
unicode_to_title[0x006C] = 0x004C;
unicode_to_title[0x006D] = 0x004D;
unicode_to_title[0x006E] = 0x004E;
unicode_to_title[0x006F] = 0x004F;
unicode_to_title[0x0070] = 0x0050;
unicode_to_title[0x0071] = 0x0051;
unicode_to_title[0x0072] = 0x0052;
unicode_to_title[0x0073] = 0x0053;
unicode_to_title[0x0074] = 0x0054;
unicode_to_title[0x0075] = 0x0055;
unicode_to_title[0x0076] = 0x0056;
unicode_to_title[0x0077] = 0x0057;
unicode_to_title[0x0078] = 0x0058;
unicode_to_title[0x0079] = 0x0059;
unicode_to_title[0x007A] = 0x005A;
unicode_to_title[0x00B5] = 0x039C;
unicode_to_title[0x00E0] = 0x00C0;
unicode_to_title[0x00E1] = 0x00C1;
unicode_to_title[0x00E2] = 0x00C2;
unicode_to_title[0x00E3] = 0x00C3;
unicode_to_title[0x00E4] = 0x00C4;
unicode_to_title[0x00E5] = 0x00C5;
unicode_to_title[0x00E6] = 0x00C6;
unicode_to_title[0x00E7] = 0x00C7;
unicode_to_title[0x00E8] = 0x00C8;
unicode_to_title[0x00E9] = 0x00C9;
unicode_to_title[0x00EA] = 0x00CA;
unicode_to_title[0x00EB] = 0x00CB;
unicode_to_title[0x00EC] = 0x00CC;
unicode_to_title[0x00ED] = 0x00CD;
unicode_to_title[0x00EE] = 0x00CE;
unicode_to_title[0x00EF] = 0x00CF;
unicode_to_title[0x00F0] = 0x00D0;
unicode_to_title[0x00F1] = 0x00D1;
unicode_to_title[0x00F2] = 0x00D2;
unicode_to_title[0x00F3] = 0x00D3;
unicode_to_title[0x00F4] = 0x00D4;
unicode_to_title[0x00F5] = 0x00D5;
unicode_to_title[0x00F6] = 0x00D6;
unicode_to_title[0x00F8] = 0x00D8;
unicode_to_title[0x00F9] = 0x00D9;
unicode_to_title[0x00FA] = 0x00DA;
unicode_to_title[0x00FB] = 0x00DB;
unicode_to_title[0x00FC] = 0x00DC;
unicode_to_title[0x00FD] = 0x00DD;
unicode_to_title[0x00FE] = 0x00DE;
unicode_to_title[0x00FF] = 0x0178;
unicode_to_title[0x0101] = 0x0100;
unicode_to_title[0x0103] = 0x0102;
unicode_to_title[0x0105] = 0x0104;
unicode_to_title[0x0107] = 0x0106;
unicode_to_title[0x0109] = 0x0108;
unicode_to_title[0x010B] = 0x010A;
unicode_to_title[0x010D] = 0x010C;
unicode_to_title[0x010F] = 0x010E;
unicode_to_title[0x0111] = 0x0110;
unicode_to_title[0x0113] = 0x0112;
unicode_to_title[0x0115] = 0x0114;
unicode_to_title[0x0117] = 0x0116;
unicode_to_title[0x0119] = 0x0118;
unicode_to_title[0x011B] = 0x011A;
unicode_to_title[0x011D] = 0x011C;
unicode_to_title[0x011F] = 0x011E;
unicode_to_title[0x0121] = 0x0120;
unicode_to_title[0x0123] = 0x0122;
unicode_to_title[0x0125] = 0x0124;
unicode_to_title[0x0127] = 0x0126;
unicode_to_title[0x0129] = 0x0128;
unicode_to_title[0x012B] = 0x012A;
unicode_to_title[0x012D] = 0x012C;
unicode_to_title[0x012F] = 0x012E;
unicode_to_title[0x0131] = 0x0049;
unicode_to_title[0x0133] = 0x0132;
unicode_to_title[0x0135] = 0x0134;
unicode_to_title[0x0137] = 0x0136;
unicode_to_title[0x013A] = 0x0139;
unicode_to_title[0x013C] = 0x013B;
unicode_to_title[0x013E] = 0x013D;
unicode_to_title[0x0140] = 0x013F;
unicode_to_title[0x0142] = 0x0141;
unicode_to_title[0x0144] = 0x0143;
unicode_to_title[0x0146] = 0x0145;
unicode_to_title[0x0148] = 0x0147;
unicode_to_title[0x014B] = 0x014A;
unicode_to_title[0x014D] = 0x014C;
unicode_to_title[0x014F] = 0x014E;
unicode_to_title[0x0151] = 0x0150;
unicode_to_title[0x0153] = 0x0152;
unicode_to_title[0x0155] = 0x0154;
unicode_to_title[0x0157] = 0x0156;
unicode_to_title[0x0159] = 0x0158;
unicode_to_title[0x015B] = 0x015A;
unicode_to_title[0x015D] = 0x015C;
unicode_to_title[0x015F] = 0x015E;
unicode_to_title[0x0161] = 0x0160;
unicode_to_title[0x0163] = 0x0162;
unicode_to_title[0x0165] = 0x0164;
unicode_to_title[0x0167] = 0x0166;
unicode_to_title[0x0169] = 0x0168;
unicode_to_title[0x016B] = 0x016A;
unicode_to_title[0x016D] = 0x016C;
unicode_to_title[0x016F] = 0x016E;
unicode_to_title[0x0171] = 0x0170;
unicode_to_title[0x0173] = 0x0172;
unicode_to_title[0x0175] = 0x0174;
unicode_to_title[0x0177] = 0x0176;
unicode_to_title[0x017A] = 0x0179;
unicode_to_title[0x017C] = 0x017B;
unicode_to_title[0x017E] = 0x017D;
unicode_to_title[0x017F] = 0x0053;
unicode_to_title[0x0180] = 0x0243;
unicode_to_title[0x0183] = 0x0182;
unicode_to_title[0x0185] = 0x0184;
unicode_to_title[0x0188] = 0x0187;
unicode_to_title[0x018C] = 0x018B;
unicode_to_title[0x0192] = 0x0191;
unicode_to_title[0x0195] = 0x01F6;
unicode_to_title[0x0199] = 0x0198;
unicode_to_title[0x019A] = 0x023D;
unicode_to_title[0x019E] = 0x0220;
unicode_to_title[0x01A1] = 0x01A0;
unicode_to_title[0x01A3] = 0x01A2;
unicode_to_title[0x01A5] = 0x01A4;
unicode_to_title[0x01A8] = 0x01A7;
unicode_to_title[0x01AD] = 0x01AC;
unicode_to_title[0x01B0] = 0x01AF;
unicode_to_title[0x01B4] = 0x01B3;
unicode_to_title[0x01B6] = 0x01B5;
unicode_to_title[0x01B9] = 0x01B8;
unicode_to_title[0x01BD] = 0x01BC;
unicode_to_title[0x01BF] = 0x01F7;
unicode_to_title[0x01C4] = 0x01C5;
unicode_to_title[0x01C5] = 0x01C5;
unicode_to_title[0x01C6] = 0x01C5;
unicode_to_title[0x01C7] = 0x01C8;
unicode_to_title[0x01C8] = 0x01C8;
unicode_to_title[0x01C9] = 0x01C8;
unicode_to_title[0x01CA] = 0x01CB;
unicode_to_title[0x01CB] = 0x01CB;
unicode_to_title[0x01CC] = 0x01CB;
unicode_to_title[0x01CE] = 0x01CD;
unicode_to_title[0x01D0] = 0x01CF;
unicode_to_title[0x01D2] = 0x01D1;
unicode_to_title[0x01D4] = 0x01D3;
unicode_to_title[0x01D6] = 0x01D5;
unicode_to_title[0x01D8] = 0x01D7;
unicode_to_title[0x01DA] = 0x01D9;
unicode_to_title[0x01DC] = 0x01DB;
unicode_to_title[0x01DD] = 0x018E;
unicode_to_title[0x01DF] = 0x01DE;
unicode_to_title[0x01E1] = 0x01E0;
unicode_to_title[0x01E3] = 0x01E2;
unicode_to_title[0x01E5] = 0x01E4;
unicode_to_title[0x01E7] = 0x01E6;
unicode_to_title[0x01E9] = 0x01E8;
unicode_to_title[0x01EB] = 0x01EA;
unicode_to_title[0x01ED] = 0x01EC;
unicode_to_title[0x01EF] = 0x01EE;
unicode_to_title[0x01F1] = 0x01F2;
unicode_to_title[0x01F2] = 0x01F2;
unicode_to_title[0x01F3] = 0x01F2;
unicode_to_title[0x01F5] = 0x01F4;
unicode_to_title[0x01F9] = 0x01F8;
unicode_to_title[0x01FB] = 0x01FA;
unicode_to_title[0x01FD] = 0x01FC;
unicode_to_title[0x01FF] = 0x01FE;
unicode_to_title[0x0201] = 0x0200;
unicode_to_title[0x0203] = 0x0202;
unicode_to_title[0x0205] = 0x0204;
unicode_to_title[0x0207] = 0x0206;
unicode_to_title[0x0209] = 0x0208;
unicode_to_title[0x020B] = 0x020A;
unicode_to_title[0x020D] = 0x020C;
unicode_to_title[0x020F] = 0x020E;
unicode_to_title[0x0211] = 0x0210;
unicode_to_title[0x0213] = 0x0212;
unicode_to_title[0x0215] = 0x0214;
unicode_to_title[0x0217] = 0x0216;
unicode_to_title[0x0219] = 0x0218;
unicode_to_title[0x021B] = 0x021A;
unicode_to_title[0x021D] = 0x021C;
unicode_to_title[0x021F] = 0x021E;
unicode_to_title[0x0223] = 0x0222;
unicode_to_title[0x0225] = 0x0224;
unicode_to_title[0x0227] = 0x0226;
unicode_to_title[0x0229] = 0x0228;
unicode_to_title[0x022B] = 0x022A;
unicode_to_title[0x022D] = 0x022C;
unicode_to_title[0x022F] = 0x022E;
unicode_to_title[0x0231] = 0x0230;
unicode_to_title[0x0233] = 0x0232;
unicode_to_title[0x023C] = 0x023B;
unicode_to_title[0x023F] = 0x2C7E;
unicode_to_title[0x0240] = 0x2C7F;
unicode_to_title[0x0242] = 0x0241;
unicode_to_title[0x0247] = 0x0246;
unicode_to_title[0x0249] = 0x0248;
unicode_to_title[0x024B] = 0x024A;
unicode_to_title[0x024D] = 0x024C;
unicode_to_title[0x024F] = 0x024E;
unicode_to_title[0x0250] = 0x2C6F;
unicode_to_title[0x0251] = 0x2C6D;
unicode_to_title[0x0252] = 0x2C70;
unicode_to_title[0x0253] = 0x0181;
unicode_to_title[0x0254] = 0x0186;
unicode_to_title[0x0256] = 0x0189;
unicode_to_title[0x0257] = 0x018A;
unicode_to_title[0x0259] = 0x018F;
unicode_to_title[0x025B] = 0x0190;
unicode_to_title[0x0260] = 0x0193;
unicode_to_title[0x0263] = 0x0194;
unicode_to_title[0x0265] = 0xA78D;
unicode_to_title[0x0266] = 0xA7AA;
unicode_to_title[0x0268] = 0x0197;
unicode_to_title[0x0269] = 0x0196;
unicode_to_title[0x026B] = 0x2C62;
unicode_to_title[0x026F] = 0x019C;
unicode_to_title[0x0271] = 0x2C6E;
unicode_to_title[0x0272] = 0x019D;
unicode_to_title[0x0275] = 0x019F;
unicode_to_title[0x027D] = 0x2C64;
unicode_to_title[0x0280] = 0x01A6;
unicode_to_title[0x0283] = 0x01A9;
unicode_to_title[0x0288] = 0x01AE;
unicode_to_title[0x0289] = 0x0244;
unicode_to_title[0x028A] = 0x01B1;
unicode_to_title[0x028B] = 0x01B2;
unicode_to_title[0x028C] = 0x0245;
unicode_to_title[0x0292] = 0x01B7;
unicode_to_title[0x0345] = 0x0399;
unicode_to_title[0x0371] = 0x0370;
unicode_to_title[0x0373] = 0x0372;
unicode_to_title[0x0377] = 0x0376;
unicode_to_title[0x037B] = 0x03FD;
unicode_to_title[0x037C] = 0x03FE;
unicode_to_title[0x037D] = 0x03FF;
unicode_to_title[0x03AC] = 0x0386;
unicode_to_title[0x03AD] = 0x0388;
unicode_to_title[0x03AE] = 0x0389;
unicode_to_title[0x03AF] = 0x038A;
unicode_to_title[0x03B1] = 0x0391;
unicode_to_title[0x03B2] = 0x0392;
unicode_to_title[0x03B3] = 0x0393;
unicode_to_title[0x03B4] = 0x0394;
unicode_to_title[0x03B5] = 0x0395;
unicode_to_title[0x03B6] = 0x0396;
unicode_to_title[0x03B7] = 0x0397;
unicode_to_title[0x03B8] = 0x0398;
unicode_to_title[0x03B9] = 0x0399;
unicode_to_title[0x03BA] = 0x039A;
unicode_to_title[0x03BB] = 0x039B;
unicode_to_title[0x03BC] = 0x039C;
unicode_to_title[0x03BD] = 0x039D;
unicode_to_title[0x03BE] = 0x039E;
unicode_to_title[0x03BF] = 0x039F;
unicode_to_title[0x03C0] = 0x03A0;
unicode_to_title[0x03C1] = 0x03A1;
unicode_to_title[0x03C2] = 0x03A3;
unicode_to_title[0x03C3] = 0x03A3;
unicode_to_title[0x03C4] = 0x03A4;
unicode_to_title[0x03C5] = 0x03A5;
unicode_to_title[0x03C6] = 0x03A6;
unicode_to_title[0x03C7] = 0x03A7;
unicode_to_title[0x03C8] = 0x03A8;
unicode_to_title[0x03C9] = 0x03A9;
unicode_to_title[0x03CA] = 0x03AA;
unicode_to_title[0x03CB] = 0x03AB;
unicode_to_title[0x03CC] = 0x038C;
unicode_to_title[0x03CD] = 0x038E;
unicode_to_title[0x03CE] = 0x038F;
unicode_to_title[0x03D0] = 0x0392;
unicode_to_title[0x03D1] = 0x0398;
unicode_to_title[0x03D5] = 0x03A6;
unicode_to_title[0x03D6] = 0x03A0;
unicode_to_title[0x03D7] = 0x03CF;
unicode_to_title[0x03D9] = 0x03D8;
unicode_to_title[0x03DB] = 0x03DA;
unicode_to_title[0x03DD] = 0x03DC;
unicode_to_title[0x03DF] = 0x03DE;
unicode_to_title[0x03E1] = 0x03E0;
unicode_to_title[0x03E3] = 0x03E2;
unicode_to_title[0x03E5] = 0x03E4;
unicode_to_title[0x03E7] = 0x03E6;
unicode_to_title[0x03E9] = 0x03E8;
unicode_to_title[0x03EB] = 0x03EA;
unicode_to_title[0x03ED] = 0x03EC;
unicode_to_title[0x03EF] = 0x03EE;
unicode_to_title[0x03F0] = 0x039A;
unicode_to_title[0x03F1] = 0x03A1;
unicode_to_title[0x03F2] = 0x03F9;
unicode_to_title[0x03F5] = 0x0395;
unicode_to_title[0x03F8] = 0x03F7;
unicode_to_title[0x03FB] = 0x03FA;
unicode_to_title[0x0430] = 0x0410;
unicode_to_title[0x0431] = 0x0411;
unicode_to_title[0x0432] = 0x0412;
unicode_to_title[0x0433] = 0x0413;
unicode_to_title[0x0434] = 0x0414;
unicode_to_title[0x0435] = 0x0415;
unicode_to_title[0x0436] = 0x0416;
unicode_to_title[0x0437] = 0x0417;
unicode_to_title[0x0438] = 0x0418;
unicode_to_title[0x0439] = 0x0419;
unicode_to_title[0x043A] = 0x041A;
unicode_to_title[0x043B] = 0x041B;
unicode_to_title[0x043C] = 0x041C;
unicode_to_title[0x043D] = 0x041D;
unicode_to_title[0x043E] = 0x041E;
unicode_to_title[0x043F] = 0x041F;
unicode_to_title[0x0440] = 0x0420;
unicode_to_title[0x0441] = 0x0421;
unicode_to_title[0x0442] = 0x0422;
unicode_to_title[0x0443] = 0x0423;
unicode_to_title[0x0444] = 0x0424;
unicode_to_title[0x0445] = 0x0425;
unicode_to_title[0x0446] = 0x0426;
unicode_to_title[0x0447] = 0x0427;
unicode_to_title[0x0448] = 0x0428;
unicode_to_title[0x0449] = 0x0429;
unicode_to_title[0x044A] = 0x042A;
unicode_to_title[0x044B] = 0x042B;
unicode_to_title[0x044C] = 0x042C;
unicode_to_title[0x044D] = 0x042D;
unicode_to_title[0x044E] = 0x042E;
unicode_to_title[0x044F] = 0x042F;
unicode_to_title[0x0450] = 0x0400;
unicode_to_title[0x0451] = 0x0401;
unicode_to_title[0x0452] = 0x0402;
unicode_to_title[0x0453] = 0x0403;
unicode_to_title[0x0454] = 0x0404;
unicode_to_title[0x0455] = 0x0405;
unicode_to_title[0x0456] = 0x0406;
unicode_to_title[0x0457] = 0x0407;
unicode_to_title[0x0458] = 0x0408;
unicode_to_title[0x0459] = 0x0409;
unicode_to_title[0x045A] = 0x040A;
unicode_to_title[0x045B] = 0x040B;
unicode_to_title[0x045C] = 0x040C;
unicode_to_title[0x045D] = 0x040D;
unicode_to_title[0x045E] = 0x040E;
unicode_to_title[0x045F] = 0x040F;
unicode_to_title[0x0461] = 0x0460;
unicode_to_title[0x0463] = 0x0462;
unicode_to_title[0x0465] = 0x0464;
unicode_to_title[0x0467] = 0x0466;
unicode_to_title[0x0469] = 0x0468;
unicode_to_title[0x046B] = 0x046A;
unicode_to_title[0x046D] = 0x046C;
unicode_to_title[0x046F] = 0x046E;
unicode_to_title[0x0471] = 0x0470;
unicode_to_title[0x0473] = 0x0472;
unicode_to_title[0x0475] = 0x0474;
unicode_to_title[0x0477] = 0x0476;
unicode_to_title[0x0479] = 0x0478;
unicode_to_title[0x047B] = 0x047A;
unicode_to_title[0x047D] = 0x047C;
unicode_to_title[0x047F] = 0x047E;
unicode_to_title[0x0481] = 0x0480;
unicode_to_title[0x048B] = 0x048A;
unicode_to_title[0x048D] = 0x048C;
unicode_to_title[0x048F] = 0x048E;
unicode_to_title[0x0491] = 0x0490;
unicode_to_title[0x0493] = 0x0492;
unicode_to_title[0x0495] = 0x0494;
unicode_to_title[0x0497] = 0x0496;
unicode_to_title[0x0499] = 0x0498;
unicode_to_title[0x049B] = 0x049A;
unicode_to_title[0x049D] = 0x049C;
unicode_to_title[0x049F] = 0x049E;
unicode_to_title[0x04A1] = 0x04A0;
unicode_to_title[0x04A3] = 0x04A2;
unicode_to_title[0x04A5] = 0x04A4;
unicode_to_title[0x04A7] = 0x04A6;
unicode_to_title[0x04A9] = 0x04A8;
unicode_to_title[0x04AB] = 0x04AA;
unicode_to_title[0x04AD] = 0x04AC;
unicode_to_title[0x04AF] = 0x04AE;
unicode_to_title[0x04B1] = 0x04B0;
unicode_to_title[0x04B3] = 0x04B2;
unicode_to_title[0x04B5] = 0x04B4;
unicode_to_title[0x04B7] = 0x04B6;
unicode_to_title[0x04B9] = 0x04B8;
unicode_to_title[0x04BB] = 0x04BA;
unicode_to_title[0x04BD] = 0x04BC;
unicode_to_title[0x04BF] = 0x04BE;
unicode_to_title[0x04C2] = 0x04C1;
unicode_to_title[0x04C4] = 0x04C3;
unicode_to_title[0x04C6] = 0x04C5;
unicode_to_title[0x04C8] = 0x04C7;
unicode_to_title[0x04CA] = 0x04C9;
unicode_to_title[0x04CC] = 0x04CB;
unicode_to_title[0x04CE] = 0x04CD;
unicode_to_title[0x04CF] = 0x04C0;
unicode_to_title[0x04D1] = 0x04D0;
unicode_to_title[0x04D3] = 0x04D2;
unicode_to_title[0x04D5] = 0x04D4;
unicode_to_title[0x04D7] = 0x04D6;
unicode_to_title[0x04D9] = 0x04D8;
unicode_to_title[0x04DB] = 0x04DA;
unicode_to_title[0x04DD] = 0x04DC;
unicode_to_title[0x04DF] = 0x04DE;
unicode_to_title[0x04E1] = 0x04E0;
unicode_to_title[0x04E3] = 0x04E2;
unicode_to_title[0x04E5] = 0x04E4;
unicode_to_title[0x04E7] = 0x04E6;
unicode_to_title[0x04E9] = 0x04E8;
unicode_to_title[0x04EB] = 0x04EA;
unicode_to_title[0x04ED] = 0x04EC;
unicode_to_title[0x04EF] = 0x04EE;
unicode_to_title[0x04F1] = 0x04F0;
unicode_to_title[0x04F3] = 0x04F2;
unicode_to_title[0x04F5] = 0x04F4;
unicode_to_title[0x04F7] = 0x04F6;
unicode_to_title[0x04F9] = 0x04F8;
unicode_to_title[0x04FB] = 0x04FA;
unicode_to_title[0x04FD] = 0x04FC;
unicode_to_title[0x04FF] = 0x04FE;
unicode_to_title[0x0501] = 0x0500;
unicode_to_title[0x0503] = 0x0502;
unicode_to_title[0x0505] = 0x0504;
unicode_to_title[0x0507] = 0x0506;
unicode_to_title[0x0509] = 0x0508;
unicode_to_title[0x050B] = 0x050A;
unicode_to_title[0x050D] = 0x050C;
unicode_to_title[0x050F] = 0x050E;
unicode_to_title[0x0511] = 0x0510;
unicode_to_title[0x0513] = 0x0512;
unicode_to_title[0x0515] = 0x0514;
unicode_to_title[0x0517] = 0x0516;
unicode_to_title[0x0519] = 0x0518;
unicode_to_title[0x051B] = 0x051A;
unicode_to_title[0x051D] = 0x051C;
unicode_to_title[0x051F] = 0x051E;
unicode_to_title[0x0521] = 0x0520;
unicode_to_title[0x0523] = 0x0522;
unicode_to_title[0x0525] = 0x0524;
unicode_to_title[0x0527] = 0x0526;
unicode_to_title[0x0561] = 0x0531;
unicode_to_title[0x0562] = 0x0532;
unicode_to_title[0x0563] = 0x0533;
unicode_to_title[0x0564] = 0x0534;
unicode_to_title[0x0565] = 0x0535;
unicode_to_title[0x0566] = 0x0536;
unicode_to_title[0x0567] = 0x0537;
unicode_to_title[0x0568] = 0x0538;
unicode_to_title[0x0569] = 0x0539;
unicode_to_title[0x056A] = 0x053A;
unicode_to_title[0x056B] = 0x053B;
unicode_to_title[0x056C] = 0x053C;
unicode_to_title[0x056D] = 0x053D;
unicode_to_title[0x056E] = 0x053E;
unicode_to_title[0x056F] = 0x053F;
unicode_to_title[0x0570] = 0x0540;
unicode_to_title[0x0571] = 0x0541;
unicode_to_title[0x0572] = 0x0542;
unicode_to_title[0x0573] = 0x0543;
unicode_to_title[0x0574] = 0x0544;
unicode_to_title[0x0575] = 0x0545;
unicode_to_title[0x0576] = 0x0546;
unicode_to_title[0x0577] = 0x0547;
unicode_to_title[0x0578] = 0x0548;
unicode_to_title[0x0579] = 0x0549;
unicode_to_title[0x057A] = 0x054A;
unicode_to_title[0x057B] = 0x054B;
unicode_to_title[0x057C] = 0x054C;
unicode_to_title[0x057D] = 0x054D;
unicode_to_title[0x057E] = 0x054E;
unicode_to_title[0x057F] = 0x054F;
unicode_to_title[0x0580] = 0x0550;
unicode_to_title[0x0581] = 0x0551;
unicode_to_title[0x0582] = 0x0552;
unicode_to_title[0x0583] = 0x0553;
unicode_to_title[0x0584] = 0x0554;
unicode_to_title[0x0585] = 0x0555;
unicode_to_title[0x0586] = 0x0556;
unicode_to_title[0x1D79] = 0xA77D;
unicode_to_title[0x1D7D] = 0x2C63;
unicode_to_title[0x1E01] = 0x1E00;
unicode_to_title[0x1E03] = 0x1E02;
unicode_to_title[0x1E05] = 0x1E04;
unicode_to_title[0x1E07] = 0x1E06;
unicode_to_title[0x1E09] = 0x1E08;
unicode_to_title[0x1E0B] = 0x1E0A;
unicode_to_title[0x1E0D] = 0x1E0C;
unicode_to_title[0x1E0F] = 0x1E0E;
unicode_to_title[0x1E11] = 0x1E10;
unicode_to_title[0x1E13] = 0x1E12;
unicode_to_title[0x1E15] = 0x1E14;
unicode_to_title[0x1E17] = 0x1E16;
unicode_to_title[0x1E19] = 0x1E18;
unicode_to_title[0x1E1B] = 0x1E1A;
unicode_to_title[0x1E1D] = 0x1E1C;
unicode_to_title[0x1E1F] = 0x1E1E;
unicode_to_title[0x1E21] = 0x1E20;
unicode_to_title[0x1E23] = 0x1E22;
unicode_to_title[0x1E25] = 0x1E24;
unicode_to_title[0x1E27] = 0x1E26;
unicode_to_title[0x1E29] = 0x1E28;
unicode_to_title[0x1E2B] = 0x1E2A;
unicode_to_title[0x1E2D] = 0x1E2C;
unicode_to_title[0x1E2F] = 0x1E2E;
unicode_to_title[0x1E31] = 0x1E30;
unicode_to_title[0x1E33] = 0x1E32;
unicode_to_title[0x1E35] = 0x1E34;
unicode_to_title[0x1E37] = 0x1E36;
unicode_to_title[0x1E39] = 0x1E38;
unicode_to_title[0x1E3B] = 0x1E3A;
unicode_to_title[0x1E3D] = 0x1E3C;
unicode_to_title[0x1E3F] = 0x1E3E;
unicode_to_title[0x1E41] = 0x1E40;
unicode_to_title[0x1E43] = 0x1E42;
unicode_to_title[0x1E45] = 0x1E44;
unicode_to_title[0x1E47] = 0x1E46;
unicode_to_title[0x1E49] = 0x1E48;
unicode_to_title[0x1E4B] = 0x1E4A;
unicode_to_title[0x1E4D] = 0x1E4C;
unicode_to_title[0x1E4F] = 0x1E4E;
unicode_to_title[0x1E51] = 0x1E50;
unicode_to_title[0x1E53] = 0x1E52;
unicode_to_title[0x1E55] = 0x1E54;
unicode_to_title[0x1E57] = 0x1E56;
unicode_to_title[0x1E59] = 0x1E58;
unicode_to_title[0x1E5B] = 0x1E5A;
unicode_to_title[0x1E5D] = 0x1E5C;
unicode_to_title[0x1E5F] = 0x1E5E;
unicode_to_title[0x1E61] = 0x1E60;
unicode_to_title[0x1E63] = 0x1E62;
unicode_to_title[0x1E65] = 0x1E64;
unicode_to_title[0x1E67] = 0x1E66;
unicode_to_title[0x1E69] = 0x1E68;
unicode_to_title[0x1E6B] = 0x1E6A;
unicode_to_title[0x1E6D] = 0x1E6C;
unicode_to_title[0x1E6F] = 0x1E6E;
unicode_to_title[0x1E71] = 0x1E70;
unicode_to_title[0x1E73] = 0x1E72;
unicode_to_title[0x1E75] = 0x1E74;
unicode_to_title[0x1E77] = 0x1E76;
unicode_to_title[0x1E79] = 0x1E78;
unicode_to_title[0x1E7B] = 0x1E7A;
unicode_to_title[0x1E7D] = 0x1E7C;
unicode_to_title[0x1E7F] = 0x1E7E;
unicode_to_title[0x1E81] = 0x1E80;
unicode_to_title[0x1E83] = 0x1E82;
unicode_to_title[0x1E85] = 0x1E84;
unicode_to_title[0x1E87] = 0x1E86;
unicode_to_title[0x1E89] = 0x1E88;
unicode_to_title[0x1E8B] = 0x1E8A;
unicode_to_title[0x1E8D] = 0x1E8C;
unicode_to_title[0x1E8F] = 0x1E8E;
unicode_to_title[0x1E91] = 0x1E90;
unicode_to_title[0x1E93] = 0x1E92;
unicode_to_title[0x1E95] = 0x1E94;
unicode_to_title[0x1E9B] = 0x1E60;
unicode_to_title[0x1EA1] = 0x1EA0;
unicode_to_title[0x1EA3] = 0x1EA2;
unicode_to_title[0x1EA5] = 0x1EA4;
unicode_to_title[0x1EA7] = 0x1EA6;
unicode_to_title[0x1EA9] = 0x1EA8;
unicode_to_title[0x1EAB] = 0x1EAA;
unicode_to_title[0x1EAD] = 0x1EAC;
unicode_to_title[0x1EAF] = 0x1EAE;
unicode_to_title[0x1EB1] = 0x1EB0;
unicode_to_title[0x1EB3] = 0x1EB2;
unicode_to_title[0x1EB5] = 0x1EB4;
unicode_to_title[0x1EB7] = 0x1EB6;
unicode_to_title[0x1EB9] = 0x1EB8;
unicode_to_title[0x1EBB] = 0x1EBA;
unicode_to_title[0x1EBD] = 0x1EBC;
unicode_to_title[0x1EBF] = 0x1EBE;
unicode_to_title[0x1EC1] = 0x1EC0;
unicode_to_title[0x1EC3] = 0x1EC2;
unicode_to_title[0x1EC5] = 0x1EC4;
unicode_to_title[0x1EC7] = 0x1EC6;
unicode_to_title[0x1EC9] = 0x1EC8;
unicode_to_title[0x1ECB] = 0x1ECA;
unicode_to_title[0x1ECD] = 0x1ECC;
unicode_to_title[0x1ECF] = 0x1ECE;
unicode_to_title[0x1ED1] = 0x1ED0;
unicode_to_title[0x1ED3] = 0x1ED2;
unicode_to_title[0x1ED5] = 0x1ED4;
unicode_to_title[0x1ED7] = 0x1ED6;
unicode_to_title[0x1ED9] = 0x1ED8;
unicode_to_title[0x1EDB] = 0x1EDA;
unicode_to_title[0x1EDD] = 0x1EDC;
unicode_to_title[0x1EDF] = 0x1EDE;
unicode_to_title[0x1EE1] = 0x1EE0;
unicode_to_title[0x1EE3] = 0x1EE2;
unicode_to_title[0x1EE5] = 0x1EE4;
unicode_to_title[0x1EE7] = 0x1EE6;
unicode_to_title[0x1EE9] = 0x1EE8;
unicode_to_title[0x1EEB] = 0x1EEA;
unicode_to_title[0x1EED] = 0x1EEC;
unicode_to_title[0x1EEF] = 0x1EEE;
unicode_to_title[0x1EF1] = 0x1EF0;
unicode_to_title[0x1EF3] = 0x1EF2;
unicode_to_title[0x1EF5] = 0x1EF4;
unicode_to_title[0x1EF7] = 0x1EF6;
unicode_to_title[0x1EF9] = 0x1EF8;
unicode_to_title[0x1EFB] = 0x1EFA;
unicode_to_title[0x1EFD] = 0x1EFC;
unicode_to_title[0x1EFF] = 0x1EFE;
unicode_to_title[0x1F00] = 0x1F08;
unicode_to_title[0x1F01] = 0x1F09;
unicode_to_title[0x1F02] = 0x1F0A;
unicode_to_title[0x1F03] = 0x1F0B;
unicode_to_title[0x1F04] = 0x1F0C;
unicode_to_title[0x1F05] = 0x1F0D;
unicode_to_title[0x1F06] = 0x1F0E;
unicode_to_title[0x1F07] = 0x1F0F;
unicode_to_title[0x1F10] = 0x1F18;
unicode_to_title[0x1F11] = 0x1F19;
unicode_to_title[0x1F12] = 0x1F1A;
unicode_to_title[0x1F13] = 0x1F1B;
unicode_to_title[0x1F14] = 0x1F1C;
unicode_to_title[0x1F15] = 0x1F1D;
unicode_to_title[0x1F20] = 0x1F28;
unicode_to_title[0x1F21] = 0x1F29;
unicode_to_title[0x1F22] = 0x1F2A;
unicode_to_title[0x1F23] = 0x1F2B;
unicode_to_title[0x1F24] = 0x1F2C;
unicode_to_title[0x1F25] = 0x1F2D;
unicode_to_title[0x1F26] = 0x1F2E;
unicode_to_title[0x1F27] = 0x1F2F;
unicode_to_title[0x1F30] = 0x1F38;
unicode_to_title[0x1F31] = 0x1F39;
unicode_to_title[0x1F32] = 0x1F3A;
unicode_to_title[0x1F33] = 0x1F3B;
unicode_to_title[0x1F34] = 0x1F3C;
unicode_to_title[0x1F35] = 0x1F3D;
unicode_to_title[0x1F36] = 0x1F3E;
unicode_to_title[0x1F37] = 0x1F3F;
unicode_to_title[0x1F40] = 0x1F48;
unicode_to_title[0x1F41] = 0x1F49;
unicode_to_title[0x1F42] = 0x1F4A;
unicode_to_title[0x1F43] = 0x1F4B;
unicode_to_title[0x1F44] = 0x1F4C;
unicode_to_title[0x1F45] = 0x1F4D;
unicode_to_title[0x1F51] = 0x1F59;
unicode_to_title[0x1F53] = 0x1F5B;
unicode_to_title[0x1F55] = 0x1F5D;
unicode_to_title[0x1F57] = 0x1F5F;
unicode_to_title[0x1F60] = 0x1F68;
unicode_to_title[0x1F61] = 0x1F69;
unicode_to_title[0x1F62] = 0x1F6A;
unicode_to_title[0x1F63] = 0x1F6B;
unicode_to_title[0x1F64] = 0x1F6C;
unicode_to_title[0x1F65] = 0x1F6D;
unicode_to_title[0x1F66] = 0x1F6E;
unicode_to_title[0x1F67] = 0x1F6F;
unicode_to_title[0x1F70] = 0x1FBA;
unicode_to_title[0x1F71] = 0x1FBB;
unicode_to_title[0x1F72] = 0x1FC8;
unicode_to_title[0x1F73] = 0x1FC9;
unicode_to_title[0x1F74] = 0x1FCA;
unicode_to_title[0x1F75] = 0x1FCB;
unicode_to_title[0x1F76] = 0x1FDA;
unicode_to_title[0x1F77] = 0x1FDB;
unicode_to_title[0x1F78] = 0x1FF8;
unicode_to_title[0x1F79] = 0x1FF9;
unicode_to_title[0x1F7A] = 0x1FEA;
unicode_to_title[0x1F7B] = 0x1FEB;
unicode_to_title[0x1F7C] = 0x1FFA;
unicode_to_title[0x1F7D] = 0x1FFB;
unicode_to_title[0x1F80] = 0x1F88;
unicode_to_title[0x1F81] = 0x1F89;
unicode_to_title[0x1F82] = 0x1F8A;
unicode_to_title[0x1F83] = 0x1F8B;
unicode_to_title[0x1F84] = 0x1F8C;
unicode_to_title[0x1F85] = 0x1F8D;
unicode_to_title[0x1F86] = 0x1F8E;
unicode_to_title[0x1F87] = 0x1F8F;
unicode_to_title[0x1F90] = 0x1F98;
unicode_to_title[0x1F91] = 0x1F99;
unicode_to_title[0x1F92] = 0x1F9A;
unicode_to_title[0x1F93] = 0x1F9B;
unicode_to_title[0x1F94] = 0x1F9C;
unicode_to_title[0x1F95] = 0x1F9D;
unicode_to_title[0x1F96] = 0x1F9E;
unicode_to_title[0x1F97] = 0x1F9F;
unicode_to_title[0x1FA0] = 0x1FA8;
unicode_to_title[0x1FA1] = 0x1FA9;
unicode_to_title[0x1FA2] = 0x1FAA;
unicode_to_title[0x1FA3] = 0x1FAB;
unicode_to_title[0x1FA4] = 0x1FAC;
unicode_to_title[0x1FA5] = 0x1FAD;
unicode_to_title[0x1FA6] = 0x1FAE;
unicode_to_title[0x1FA7] = 0x1FAF;
unicode_to_title[0x1FB0] = 0x1FB8;
unicode_to_title[0x1FB1] = 0x1FB9;
unicode_to_title[0x1FB3] = 0x1FBC;
unicode_to_title[0x1FBE] = 0x0399;
unicode_to_title[0x1FC3] = 0x1FCC;
unicode_to_title[0x1FD0] = 0x1FD8;
unicode_to_title[0x1FD1] = 0x1FD9;
unicode_to_title[0x1FE0] = 0x1FE8;
unicode_to_title[0x1FE1] = 0x1FE9;
unicode_to_title[0x1FE5] = 0x1FEC;
unicode_to_title[0x1FF3] = 0x1FFC;
unicode_to_title[0x214E] = 0x2132;
unicode_to_title[0x2170] = 0x2160;
unicode_to_title[0x2171] = 0x2161;
unicode_to_title[0x2172] = 0x2162;
unicode_to_title[0x2173] = 0x2163;
unicode_to_title[0x2174] = 0x2164;
unicode_to_title[0x2175] = 0x2165;
unicode_to_title[0x2176] = 0x2166;
unicode_to_title[0x2177] = 0x2167;
unicode_to_title[0x2178] = 0x2168;
unicode_to_title[0x2179] = 0x2169;
unicode_to_title[0x217A] = 0x216A;
unicode_to_title[0x217B] = 0x216B;
unicode_to_title[0x217C] = 0x216C;
unicode_to_title[0x217D] = 0x216D;
unicode_to_title[0x217E] = 0x216E;
unicode_to_title[0x217F] = 0x216F;
unicode_to_title[0x2184] = 0x2183;
unicode_to_title[0x24D0] = 0x24B6;
unicode_to_title[0x24D1] = 0x24B7;
unicode_to_title[0x24D2] = 0x24B8;
unicode_to_title[0x24D3] = 0x24B9;
unicode_to_title[0x24D4] = 0x24BA;
unicode_to_title[0x24D5] = 0x24BB;
unicode_to_title[0x24D6] = 0x24BC;
unicode_to_title[0x24D7] = 0x24BD;
unicode_to_title[0x24D8] = 0x24BE;
unicode_to_title[0x24D9] = 0x24BF;
unicode_to_title[0x24DA] = 0x24C0;
unicode_to_title[0x24DB] = 0x24C1;
unicode_to_title[0x24DC] = 0x24C2;
unicode_to_title[0x24DD] = 0x24C3;
unicode_to_title[0x24DE] = 0x24C4;
unicode_to_title[0x24DF] = 0x24C5;
unicode_to_title[0x24E0] = 0x24C6;
unicode_to_title[0x24E1] = 0x24C7;
unicode_to_title[0x24E2] = 0x24C8;
unicode_to_title[0x24E3] = 0x24C9;
unicode_to_title[0x24E4] = 0x24CA;
unicode_to_title[0x24E5] = 0x24CB;
unicode_to_title[0x24E6] = 0x24CC;
unicode_to_title[0x24E7] = 0x24CD;
unicode_to_title[0x24E8] = 0x24CE;
unicode_to_title[0x24E9] = 0x24CF;
unicode_to_title[0x2C30] = 0x2C00;
unicode_to_title[0x2C31] = 0x2C01;
unicode_to_title[0x2C32] = 0x2C02;
unicode_to_title[0x2C33] = 0x2C03;
unicode_to_title[0x2C34] = 0x2C04;
unicode_to_title[0x2C35] = 0x2C05;
unicode_to_title[0x2C36] = 0x2C06;
unicode_to_title[0x2C37] = 0x2C07;
unicode_to_title[0x2C38] = 0x2C08;
unicode_to_title[0x2C39] = 0x2C09;
unicode_to_title[0x2C3A] = 0x2C0A;
unicode_to_title[0x2C3B] = 0x2C0B;
unicode_to_title[0x2C3C] = 0x2C0C;
unicode_to_title[0x2C3D] = 0x2C0D;
unicode_to_title[0x2C3E] = 0x2C0E;
unicode_to_title[0x2C3F] = 0x2C0F;
unicode_to_title[0x2C40] = 0x2C10;
unicode_to_title[0x2C41] = 0x2C11;
unicode_to_title[0x2C42] = 0x2C12;
unicode_to_title[0x2C43] = 0x2C13;
unicode_to_title[0x2C44] = 0x2C14;
unicode_to_title[0x2C45] = 0x2C15;
unicode_to_title[0x2C46] = 0x2C16;
unicode_to_title[0x2C47] = 0x2C17;
unicode_to_title[0x2C48] = 0x2C18;
unicode_to_title[0x2C49] = 0x2C19;
unicode_to_title[0x2C4A] = 0x2C1A;
unicode_to_title[0x2C4B] = 0x2C1B;
unicode_to_title[0x2C4C] = 0x2C1C;
unicode_to_title[0x2C4D] = 0x2C1D;
unicode_to_title[0x2C4E] = 0x2C1E;
unicode_to_title[0x2C4F] = 0x2C1F;
unicode_to_title[0x2C50] = 0x2C20;
unicode_to_title[0x2C51] = 0x2C21;
unicode_to_title[0x2C52] = 0x2C22;
unicode_to_title[0x2C53] = 0x2C23;
unicode_to_title[0x2C54] = 0x2C24;
unicode_to_title[0x2C55] = 0x2C25;
unicode_to_title[0x2C56] = 0x2C26;
unicode_to_title[0x2C57] = 0x2C27;
unicode_to_title[0x2C58] = 0x2C28;
unicode_to_title[0x2C59] = 0x2C29;
unicode_to_title[0x2C5A] = 0x2C2A;
unicode_to_title[0x2C5B] = 0x2C2B;
unicode_to_title[0x2C5C] = 0x2C2C;
unicode_to_title[0x2C5D] = 0x2C2D;
unicode_to_title[0x2C5E] = 0x2C2E;
unicode_to_title[0x2C61] = 0x2C60;
unicode_to_title[0x2C65] = 0x023A;
unicode_to_title[0x2C66] = 0x023E;
unicode_to_title[0x2C68] = 0x2C67;
unicode_to_title[0x2C6A] = 0x2C69;
unicode_to_title[0x2C6C] = 0x2C6B;
unicode_to_title[0x2C73] = 0x2C72;
unicode_to_title[0x2C76] = 0x2C75;
unicode_to_title[0x2C81] = 0x2C80;
unicode_to_title[0x2C83] = 0x2C82;
unicode_to_title[0x2C85] = 0x2C84;
unicode_to_title[0x2C87] = 0x2C86;
unicode_to_title[0x2C89] = 0x2C88;
unicode_to_title[0x2C8B] = 0x2C8A;
unicode_to_title[0x2C8D] = 0x2C8C;
unicode_to_title[0x2C8F] = 0x2C8E;
unicode_to_title[0x2C91] = 0x2C90;
unicode_to_title[0x2C93] = 0x2C92;
unicode_to_title[0x2C95] = 0x2C94;
unicode_to_title[0x2C97] = 0x2C96;
unicode_to_title[0x2C99] = 0x2C98;
unicode_to_title[0x2C9B] = 0x2C9A;
unicode_to_title[0x2C9D] = 0x2C9C;
unicode_to_title[0x2C9F] = 0x2C9E;
unicode_to_title[0x2CA1] = 0x2CA0;
unicode_to_title[0x2CA3] = 0x2CA2;
unicode_to_title[0x2CA5] = 0x2CA4;
unicode_to_title[0x2CA7] = 0x2CA6;
unicode_to_title[0x2CA9] = 0x2CA8;
unicode_to_title[0x2CAB] = 0x2CAA;
unicode_to_title[0x2CAD] = 0x2CAC;
unicode_to_title[0x2CAF] = 0x2CAE;
unicode_to_title[0x2CB1] = 0x2CB0;
unicode_to_title[0x2CB3] = 0x2CB2;
unicode_to_title[0x2CB5] = 0x2CB4;
unicode_to_title[0x2CB7] = 0x2CB6;
unicode_to_title[0x2CB9] = 0x2CB8;
unicode_to_title[0x2CBB] = 0x2CBA;
unicode_to_title[0x2CBD] = 0x2CBC;
unicode_to_title[0x2CBF] = 0x2CBE;
unicode_to_title[0x2CC1] = 0x2CC0;
unicode_to_title[0x2CC3] = 0x2CC2;
unicode_to_title[0x2CC5] = 0x2CC4;
unicode_to_title[0x2CC7] = 0x2CC6;
unicode_to_title[0x2CC9] = 0x2CC8;
unicode_to_title[0x2CCB] = 0x2CCA;
unicode_to_title[0x2CCD] = 0x2CCC;
unicode_to_title[0x2CCF] = 0x2CCE;
unicode_to_title[0x2CD1] = 0x2CD0;
unicode_to_title[0x2CD3] = 0x2CD2;
unicode_to_title[0x2CD5] = 0x2CD4;
unicode_to_title[0x2CD7] = 0x2CD6;
unicode_to_title[0x2CD9] = 0x2CD8;
unicode_to_title[0x2CDB] = 0x2CDA;
unicode_to_title[0x2CDD] = 0x2CDC;
unicode_to_title[0x2CDF] = 0x2CDE;
unicode_to_title[0x2CE1] = 0x2CE0;
unicode_to_title[0x2CE3] = 0x2CE2;
unicode_to_title[0x2CEC] = 0x2CEB;
unicode_to_title[0x2CEE] = 0x2CED;
unicode_to_title[0x2CF3] = 0x2CF2;
unicode_to_title[0x2D00] = 0x10A0;
unicode_to_title[0x2D01] = 0x10A1;
unicode_to_title[0x2D02] = 0x10A2;
unicode_to_title[0x2D03] = 0x10A3;
unicode_to_title[0x2D04] = 0x10A4;
unicode_to_title[0x2D05] = 0x10A5;
unicode_to_title[0x2D06] = 0x10A6;
unicode_to_title[0x2D07] = 0x10A7;
unicode_to_title[0x2D08] = 0x10A8;
unicode_to_title[0x2D09] = 0x10A9;
unicode_to_title[0x2D0A] = 0x10AA;
unicode_to_title[0x2D0B] = 0x10AB;
unicode_to_title[0x2D0C] = 0x10AC;
unicode_to_title[0x2D0D] = 0x10AD;
unicode_to_title[0x2D0E] = 0x10AE;
unicode_to_title[0x2D0F] = 0x10AF;
unicode_to_title[0x2D10] = 0x10B0;
unicode_to_title[0x2D11] = 0x10B1;
unicode_to_title[0x2D12] = 0x10B2;
unicode_to_title[0x2D13] = 0x10B3;
unicode_to_title[0x2D14] = 0x10B4;
unicode_to_title[0x2D15] = 0x10B5;
unicode_to_title[0x2D16] = 0x10B6;
unicode_to_title[0x2D17] = 0x10B7;
unicode_to_title[0x2D18] = 0x10B8;
unicode_to_title[0x2D19] = 0x10B9;
unicode_to_title[0x2D1A] = 0x10BA;
unicode_to_title[0x2D1B] = 0x10BB;
unicode_to_title[0x2D1C] = 0x10BC;
unicode_to_title[0x2D1D] = 0x10BD;
unicode_to_title[0x2D1E] = 0x10BE;
unicode_to_title[0x2D1F] = 0x10BF;
unicode_to_title[0x2D20] = 0x10C0;
unicode_to_title[0x2D21] = 0x10C1;
unicode_to_title[0x2D22] = 0x10C2;
unicode_to_title[0x2D23] = 0x10C3;
unicode_to_title[0x2D24] = 0x10C4;
unicode_to_title[0x2D25] = 0x10C5;
unicode_to_title[0x2D27] = 0x10C7;
unicode_to_title[0x2D2D] = 0x10CD;
unicode_to_title[0xA641] = 0xA640;
unicode_to_title[0xA643] = 0xA642;
unicode_to_title[0xA645] = 0xA644;
unicode_to_title[0xA647] = 0xA646;
unicode_to_title[0xA649] = 0xA648;
unicode_to_title[0xA64B] = 0xA64A;
unicode_to_title[0xA64D] = 0xA64C;
unicode_to_title[0xA64F] = 0xA64E;
unicode_to_title[0xA651] = 0xA650;
unicode_to_title[0xA653] = 0xA652;
unicode_to_title[0xA655] = 0xA654;
unicode_to_title[0xA657] = 0xA656;
unicode_to_title[0xA659] = 0xA658;
unicode_to_title[0xA65B] = 0xA65A;
unicode_to_title[0xA65D] = 0xA65C;
unicode_to_title[0xA65F] = 0xA65E;
unicode_to_title[0xA661] = 0xA660;
unicode_to_title[0xA663] = 0xA662;
unicode_to_title[0xA665] = 0xA664;
unicode_to_title[0xA667] = 0xA666;
unicode_to_title[0xA669] = 0xA668;
unicode_to_title[0xA66B] = 0xA66A;
unicode_to_title[0xA66D] = 0xA66C;
unicode_to_title[0xA681] = 0xA680;
unicode_to_title[0xA683] = 0xA682;
unicode_to_title[0xA685] = 0xA684;
unicode_to_title[0xA687] = 0xA686;
unicode_to_title[0xA689] = 0xA688;
unicode_to_title[0xA68B] = 0xA68A;
unicode_to_title[0xA68D] = 0xA68C;
unicode_to_title[0xA68F] = 0xA68E;
unicode_to_title[0xA691] = 0xA690;
unicode_to_title[0xA693] = 0xA692;
unicode_to_title[0xA695] = 0xA694;
unicode_to_title[0xA697] = 0xA696;
unicode_to_title[0xA723] = 0xA722;
unicode_to_title[0xA725] = 0xA724;
unicode_to_title[0xA727] = 0xA726;
unicode_to_title[0xA729] = 0xA728;
unicode_to_title[0xA72B] = 0xA72A;
unicode_to_title[0xA72D] = 0xA72C;
unicode_to_title[0xA72F] = 0xA72E;
unicode_to_title[0xA733] = 0xA732;
unicode_to_title[0xA735] = 0xA734;
unicode_to_title[0xA737] = 0xA736;
unicode_to_title[0xA739] = 0xA738;
unicode_to_title[0xA73B] = 0xA73A;
unicode_to_title[0xA73D] = 0xA73C;
unicode_to_title[0xA73F] = 0xA73E;
unicode_to_title[0xA741] = 0xA740;
unicode_to_title[0xA743] = 0xA742;
unicode_to_title[0xA745] = 0xA744;
unicode_to_title[0xA747] = 0xA746;
unicode_to_title[0xA749] = 0xA748;
unicode_to_title[0xA74B] = 0xA74A;
unicode_to_title[0xA74D] = 0xA74C;
unicode_to_title[0xA74F] = 0xA74E;
unicode_to_title[0xA751] = 0xA750;
unicode_to_title[0xA753] = 0xA752;
unicode_to_title[0xA755] = 0xA754;
unicode_to_title[0xA757] = 0xA756;
unicode_to_title[0xA759] = 0xA758;
unicode_to_title[0xA75B] = 0xA75A;
unicode_to_title[0xA75D] = 0xA75C;
unicode_to_title[0xA75F] = 0xA75E;
unicode_to_title[0xA761] = 0xA760;
unicode_to_title[0xA763] = 0xA762;
unicode_to_title[0xA765] = 0xA764;
unicode_to_title[0xA767] = 0xA766;
unicode_to_title[0xA769] = 0xA768;
unicode_to_title[0xA76B] = 0xA76A;
unicode_to_title[0xA76D] = 0xA76C;
unicode_to_title[0xA76F] = 0xA76E;
unicode_to_title[0xA77A] = 0xA779;
unicode_to_title[0xA77C] = 0xA77B;
unicode_to_title[0xA77F] = 0xA77E;
unicode_to_title[0xA781] = 0xA780;
unicode_to_title[0xA783] = 0xA782;
unicode_to_title[0xA785] = 0xA784;
unicode_to_title[0xA787] = 0xA786;
unicode_to_title[0xA78C] = 0xA78B;
unicode_to_title[0xA791] = 0xA790;
unicode_to_title[0xA793] = 0xA792;
unicode_to_title[0xA7A1] = 0xA7A0;
unicode_to_title[0xA7A3] = 0xA7A2;
unicode_to_title[0xA7A5] = 0xA7A4;
unicode_to_title[0xA7A7] = 0xA7A6;
unicode_to_title[0xA7A9] = 0xA7A8;
unicode_to_title[0xFF41] = 0xFF21;
unicode_to_title[0xFF42] = 0xFF22;
unicode_to_title[0xFF43] = 0xFF23;
unicode_to_title[0xFF44] = 0xFF24;
unicode_to_title[0xFF45] = 0xFF25;
unicode_to_title[0xFF46] = 0xFF26;
unicode_to_title[0xFF47] = 0xFF27;
unicode_to_title[0xFF48] = 0xFF28;
unicode_to_title[0xFF49] = 0xFF29;
unicode_to_title[0xFF4A] = 0xFF2A;
unicode_to_title[0xFF4B] = 0xFF2B;
unicode_to_title[0xFF4C] = 0xFF2C;
unicode_to_title[0xFF4D] = 0xFF2D;
unicode_to_title[0xFF4E] = 0xFF2E;
unicode_to_title[0xFF4F] = 0xFF2F;
unicode_to_title[0xFF50] = 0xFF30;
unicode_to_title[0xFF51] = 0xFF31;
unicode_to_title[0xFF52] = 0xFF32;
unicode_to_title[0xFF53] = 0xFF33;
unicode_to_title[0xFF54] = 0xFF34;
unicode_to_title[0xFF55] = 0xFF35;
unicode_to_title[0xFF56] = 0xFF36;
unicode_to_title[0xFF57] = 0xFF37;
unicode_to_title[0xFF58] = 0xFF38;
unicode_to_title[0xFF59] = 0xFF39;
unicode_to_title[0xFF5A] = 0xFF3A;
unicode_to_title[0x10428] = 0x10400;
unicode_to_title[0x10429] = 0x10401;
unicode_to_title[0x1042A] = 0x10402;
unicode_to_title[0x1042B] = 0x10403;
unicode_to_title[0x1042C] = 0x10404;
unicode_to_title[0x1042D] = 0x10405;
unicode_to_title[0x1042E] = 0x10406;
unicode_to_title[0x1042F] = 0x10407;
unicode_to_title[0x10430] = 0x10408;
unicode_to_title[0x10431] = 0x10409;
unicode_to_title[0x10432] = 0x1040A;
unicode_to_title[0x10433] = 0x1040B;
unicode_to_title[0x10434] = 0x1040C;
unicode_to_title[0x10435] = 0x1040D;
unicode_to_title[0x10436] = 0x1040E;
unicode_to_title[0x10437] = 0x1040F;
unicode_to_title[0x10438] = 0x10410;
unicode_to_title[0x10439] = 0x10411;
unicode_to_title[0x1043A] = 0x10412;
unicode_to_title[0x1043B] = 0x10413;
unicode_to_title[0x1043C] = 0x10414;
unicode_to_title[0x1043D] = 0x10415;
unicode_to_title[0x1043E] = 0x10416;
unicode_to_title[0x1043F] = 0x10417;
unicode_to_title[0x10440] = 0x10418;
unicode_to_title[0x10441] = 0x10419;
unicode_to_title[0x10442] = 0x1041A;
unicode_to_title[0x10443] = 0x1041B;
unicode_to_title[0x10444] = 0x1041C;
unicode_to_title[0x10445] = 0x1041D;
unicode_to_title[0x10446] = 0x1041E;
unicode_to_title[0x10447] = 0x1041F;
unicode_to_title[0x10448] = 0x10420;
unicode_to_title[0x10449] = 0x10421;
unicode_to_title[0x1044A] = 0x10422;
unicode_to_title[0x1044B] = 0x10423;
unicode_to_title[0x1044C] = 0x10424;
unicode_to_title[0x1044D] = 0x10425;
unicode_to_title[0x1044E] = 0x10426;
unicode_to_title[0x1044F] = 0x10427;
